Archive member included to satisfy reference by file (symbol)

/usr/lib/gcc/arm-none-eabi/10.3.1/thumb/v6-m/nofp/libgcc.a(_dvmd_tls.o)
                              CMakeFiles/blink_w.dir/opt/pico-sdk/src/rp2_common/pico_divider/divider.S.obj (__aeabi_idiv0)
/usr/lib/gcc/arm-none-eabi/10.3.1/../../../arm-none-eabi/lib/thumb/v6-m/nofp/libc.a(lib_a-atexit.o)
                              /usr/lib/gcc/arm-none-eabi/10.3.1/../../../arm-none-eabi/lib/thumb/v6-m/nofp/crt0.o (atexit)
/usr/lib/gcc/arm-none-eabi/10.3.1/../../../arm-none-eabi/lib/thumb/v6-m/nofp/libc.a(lib_a-calloc.o)
                              CMakeFiles/blink_w.dir/opt/pico-sdk/src/rp2_common/pico_malloc/pico_malloc.c.obj (calloc)
/usr/lib/gcc/arm-none-eabi/10.3.1/../../../arm-none-eabi/lib/thumb/v6-m/nofp/libc.a(lib_a-callocr.o)
                              /usr/lib/gcc/arm-none-eabi/10.3.1/../../../arm-none-eabi/lib/thumb/v6-m/nofp/libc.a(lib_a-calloc.o) (_calloc_r)
/usr/lib/gcc/arm-none-eabi/10.3.1/../../../arm-none-eabi/lib/thumb/v6-m/nofp/libc.a(lib_a-fini.o)
                              /usr/lib/gcc/arm-none-eabi/10.3.1/../../../arm-none-eabi/lib/thumb/v6-m/nofp/crt0.o (__libc_fini_array)
/usr/lib/gcc/arm-none-eabi/10.3.1/../../../arm-none-eabi/lib/thumb/v6-m/nofp/libc.a(lib_a-impure.o)
                              /usr/lib/gcc/arm-none-eabi/10.3.1/../../../arm-none-eabi/lib/thumb/v6-m/nofp/libc.a(lib_a-calloc.o) (_impure_ptr)
/usr/lib/gcc/arm-none-eabi/10.3.1/../../../arm-none-eabi/lib/thumb/v6-m/nofp/libc.a(lib_a-init.o)
                              /usr/lib/gcc/arm-none-eabi/10.3.1/../../../arm-none-eabi/lib/thumb/v6-m/nofp/crt0.o (__libc_init_array)
/usr/lib/gcc/arm-none-eabi/10.3.1/../../../arm-none-eabi/lib/thumb/v6-m/nofp/libc.a(lib_a-malloc.o)
                              CMakeFiles/blink_w.dir/opt/pico-sdk/src/rp2_common/pico_malloc/pico_malloc.c.obj (malloc)
/usr/lib/gcc/arm-none-eabi/10.3.1/../../../arm-none-eabi/lib/thumb/v6-m/nofp/libc.a(lib_a-mallocr.o)
                              /usr/lib/gcc/arm-none-eabi/10.3.1/../../../arm-none-eabi/lib/thumb/v6-m/nofp/libc.a(lib_a-callocr.o) (_malloc_r)
/usr/lib/gcc/arm-none-eabi/10.3.1/../../../arm-none-eabi/lib/thumb/v6-m/nofp/libc.a(lib_a-memcmp.o)
                              CMakeFiles/blink_w.dir/opt/pico-sdk/lib/cyw43-driver/src/cyw43_ll.c.obj (memcmp)
/usr/lib/gcc/arm-none-eabi/10.3.1/../../../arm-none-eabi/lib/thumb/v6-m/nofp/libc.a(lib_a-memmove.o)
                              CMakeFiles/blink_w.dir/opt/pico-sdk/lib/cyw43-driver/src/cyw43_ll.c.obj (memmove)
/usr/lib/gcc/arm-none-eabi/10.3.1/../../../arm-none-eabi/lib/thumb/v6-m/nofp/libc.a(lib_a-mlock.o)
                              /usr/lib/gcc/arm-none-eabi/10.3.1/../../../arm-none-eabi/lib/thumb/v6-m/nofp/libc.a(lib_a-mallocr.o) (__malloc_lock)
/usr/lib/gcc/arm-none-eabi/10.3.1/../../../arm-none-eabi/lib/thumb/v6-m/nofp/libc.a(lib_a-realloc.o)
                              CMakeFiles/blink_w.dir/opt/pico-sdk/src/rp2_common/pico_malloc/pico_malloc.c.obj (realloc)
/usr/lib/gcc/arm-none-eabi/10.3.1/../../../arm-none-eabi/lib/thumb/v6-m/nofp/libc.a(lib_a-reallocr.o)
                              /usr/lib/gcc/arm-none-eabi/10.3.1/../../../arm-none-eabi/lib/thumb/v6-m/nofp/libc.a(lib_a-realloc.o) (_realloc_r)
/usr/lib/gcc/arm-none-eabi/10.3.1/../../../arm-none-eabi/lib/thumb/v6-m/nofp/libc.a(lib_a-sbrkr.o)
                              /usr/lib/gcc/arm-none-eabi/10.3.1/../../../arm-none-eabi/lib/thumb/v6-m/nofp/libc.a(lib_a-mallocr.o) (_sbrk_r)
/usr/lib/gcc/arm-none-eabi/10.3.1/../../../arm-none-eabi/lib/thumb/v6-m/nofp/libc.a(lib_a-strlen-stub.o)
                              CMakeFiles/blink_w.dir/opt/pico-sdk/src/rp2_common/pico_stdio/stdio.c.obj (strlen)
/usr/lib/gcc/arm-none-eabi/10.3.1/../../../arm-none-eabi/lib/thumb/v6-m/nofp/libc.a(lib_a-strncmp.o)
                              CMakeFiles/blink_w.dir/opt/pico-sdk/lib/cyw43-driver/src/cyw43_ll.c.obj (strncmp)
/usr/lib/gcc/arm-none-eabi/10.3.1/../../../arm-none-eabi/lib/thumb/v6-m/nofp/libc.a(lib_a-__atexit.o)
                              /usr/lib/gcc/arm-none-eabi/10.3.1/../../../arm-none-eabi/lib/thumb/v6-m/nofp/libc.a(lib_a-atexit.o) (__register_exitproc)
/usr/lib/gcc/arm-none-eabi/10.3.1/../../../arm-none-eabi/lib/thumb/v6-m/nofp/libc.a(lib_a-freer.o)
                              /usr/lib/gcc/arm-none-eabi/10.3.1/../../../arm-none-eabi/lib/thumb/v6-m/nofp/libc.a(lib_a-malloc.o) (_free_r)
/usr/lib/gcc/arm-none-eabi/10.3.1/../../../arm-none-eabi/lib/thumb/v6-m/nofp/libc.a(lib_a-reent.o)
                              /usr/lib/gcc/arm-none-eabi/10.3.1/../../../arm-none-eabi/lib/thumb/v6-m/nofp/libc.a(lib_a-sbrkr.o) (errno)

Discarded input sections

 .text          0x0000000000000000        0x0 /usr/lib/gcc/arm-none-eabi/10.3.1/thumb/v6-m/nofp/crti.o
 .data          0x0000000000000000        0x0 /usr/lib/gcc/arm-none-eabi/10.3.1/thumb/v6-m/nofp/crti.o
 .bss           0x0000000000000000        0x0 /usr/lib/gcc/arm-none-eabi/10.3.1/thumb/v6-m/nofp/crti.o
[...]
Memory Configuration

Name             Origin             Length             Attributes
FLASH            0x0000000010000000 0x0000000000200000 xr
RAM              0x0000000020000000 0x0000000000040000 xrw
SCRATCH_X        0x0000000020040000 0x0000000000001000 xrw
SCRATCH_Y        0x0000000020041000 0x0000000000001000 xrw
*default*        0x0000000000000000 0xffffffffffffffff

Linker script and memory map

LOAD /usr/lib/gcc/arm-none-eabi/10.3.1/thumb/v6-m/nofp/crti.o
LOAD /usr/lib/gcc/arm-none-eabi/10.3.1/thumb/v6-m/nofp/crtbegin.o
LOAD /usr/lib/gcc/arm-none-eabi/10.3.1/../../../arm-none-eabi/lib/thumb/v6-m/nofp/crt0.o

.flash_begin    0x0000000010000000        0x0
                0x0000000010000000                __flash_binary_start = .

.boot2          0x0000000010000000      0x100
                0x0000000010000000                __boot2_start__ = .
 *(.boot2)
 .boot2         0x0000000010000000      0x100 /tmp/ccNt10xf.o
                0x0000000010000100                __boot2_end__ = .
                0x0000000000000001                ASSERT (((__boot2_end__ - __boot2_start__) == 0x100), ERROR: Pico second stage bootloader must be 256 bytes in size)

.text           0x0000000010000100     0xa250
                0x0000000010000100                __logical_binary_start = .
 *(.vectors)
 .vectors       0x0000000010000100       0xd4 CMakeFiles/blink_w.dir/opt/pico-sdk/src/rp2_common/pico_standard_link/crt0.S.obj
                0x0000000010000100                __vectors
                0x0000000010000100                __VECTOR_TABLE
                0x00000000100001c0                isr_invalid
                0x00000000100001c0                __default_isrs_start
                0x00000000100001c2                isr_nmi
                0x00000000100001c4                isr_hardfault
                0x00000000100001c6                isr_svcall
                0x00000000100001c8                isr_pendsv
                0x00000000100001ca                isr_systick
                0x00000000100001cc                isr_irq30
                0x00000000100001cc                __unhandled_user_irq
                0x00000000100001cc                isr_irq13
                0x00000000100001cc                isr_irq27
                0x00000000100001cc                isr_irq31
                0x00000000100001cc                isr_irq5
                0x00000000100001cc                isr_irq11
                0x00000000100001cc                isr_irq23
                0x00000000100001cc                isr_irq18
                0x00000000100001cc                isr_irq28
                0x00000000100001cc                isr_irq19
                0x00000000100001cc                isr_irq0
                0x00000000100001cc                isr_irq6
                0x00000000100001cc                isr_irq22
                0x00000000100001cc                isr_irq17
                0x00000000100001cc                isr_irq14
                0x00000000100001cc                isr_irq2
                0x00000000100001cc                isr_irq10
                0x00000000100001cc                isr_irq8
                0x00000000100001cc                isr_irq24
                0x00000000100001cc                isr_irq1
                0x00000000100001cc                isr_irq7
                0x00000000100001cc                isr_irq21
                0x00000000100001cc                isr_irq20
                0x00000000100001cc                isr_irq15
                0x00000000100001cc                isr_irq25
                0x00000000100001cc                isr_irq4
                0x00000000100001cc                isr_irq16
                0x00000000100001cc                isr_irq29
                0x00000000100001cc                isr_irq26
                0x00000000100001cc                __default_isrs_end
                0x00000000100001cc                isr_irq3
                0x00000000100001cc                isr_irq12
                0x00000000100001cc                isr_irq9
                0x00000000100001d2                unhandled_user_irq_num_in_r0
 *(.binary_info_header)
 .binary_info_header
                0x00000000100001d4       0x14 CMakeFiles/blink_w.dir/opt/pico-sdk/src/rp2_common/pico_standard_link/crt0.S.obj
                0x00000000100001e8                __binary_info_header_end = .
 *(.reset)
 .reset         0x00000000100001e8       0xa0 CMakeFiles/blink_w.dir/opt/pico-sdk/src/rp2_common/pico_standard_link/crt0.S.obj
                0x00000000100001e8                _entry_point
 .reset         0x0000000010000288       0x30 CMakeFiles/blink_w.dir/opt/pico-sdk/src/rp2_common/pico_standard_link/binary_info.c.obj
 *(.init)
 .init          0x00000000100002b8        0x4 /usr/lib/gcc/arm-none-eabi/10.3.1/thumb/v6-m/nofp/crti.o
                0x00000000100002b8                _init
 *(EXCLUDE_FILE(*libm.a: *libc.a:*lib_a-mem*.o *libgcc.a:) .text*)
 .text          0x00000000100002bc       0x98 /usr/lib/gcc/arm-none-eabi/10.3.1/thumb/v6-m/nofp/crtbegin.o
 .text.startup.main
                0x0000000010000354       0x3c CMakeFiles/blink_w.dir/src/main.cpp.obj
                0x0000000010000354                main
 .text.gpio_set_function
                0x0000000010000390       0x30 CMakeFiles/blink_w.dir/opt/pico-sdk/src/rp2_common/hardware_gpio/gpio.c.obj
                0x0000000010000390                gpio_set_function
 .text.gpio_set_pulls
                0x00000000100003c0       0x30 CMakeFiles/blink_w.dir/opt/pico-sdk/src/rp2_common/hardware_gpio/gpio.c.obj
                0x00000000100003c0                gpio_set_pulls
 .text.gpio_set_input_hysteresis_enabled
                0x00000000100003f0       0x28 CMakeFiles/blink_w.dir/opt/pico-sdk/src/rp2_common/hardware_gpio/gpio.c.obj
                0x00000000100003f0                gpio_set_input_hysteresis_enabled
 .text.gpio_set_irq_enabled
                0x0000000010000418       0x54 CMakeFiles/blink_w.dir/opt/pico-sdk/src/rp2_common/hardware_gpio/gpio.c.obj
                0x0000000010000418                gpio_set_irq_enabled
 .text.gpio_add_raw_irq_handler_with_order_priority_masked
                0x000000001000046c       0x44 CMakeFiles/blink_w.dir/opt/pico-sdk/src/rp2_common/hardware_gpio/gpio.c.obj
                0x000000001000046c                gpio_add_raw_irq_handler_with_order_priority_masked
 .text.gpio_remove_raw_irq_handler_masked
                0x00000000100004b0       0x20 CMakeFiles/blink_w.dir/opt/pico-sdk/src/rp2_common/hardware_gpio/gpio.c.obj
                0x00000000100004b0                gpio_remove_raw_irq_handler_masked
 .text.gpio_init
                0x00000000100004d0       0x3c CMakeFiles/blink_w.dir/opt/pico-sdk/src/rp2_common/hardware_gpio/gpio.c.obj
                0x00000000100004d0                gpio_init
 .text.running_on_fpga
                0x000000001000050c       0x10 CMakeFiles/blink_w.dir/opt/pico-sdk/src/rp2_common/pico_platform/platform.c.obj
                0x000000001000050c                running_on_fpga
 .text.hw_claim_lock
                0x000000001000051c       0x18 CMakeFiles/blink_w.dir/opt/pico-sdk/src/rp2_common/hardware_claim/claim.c.obj
                0x000000001000051c                hw_claim_lock
 .text.hw_claim_unlock
                0x0000000010000534       0x14 CMakeFiles/blink_w.dir/opt/pico-sdk/src/rp2_common/hardware_claim/claim.c.obj
                0x0000000010000534                hw_claim_unlock
 .text.hw_claim_or_assert
                0x0000000010000548       0x44 CMakeFiles/blink_w.dir/opt/pico-sdk/src/rp2_common/hardware_claim/claim.c.obj
                0x0000000010000548                hw_claim_or_assert
 .text.hw_claim_unused_from_range
                0x000000001000058c       0x9c CMakeFiles/blink_w.dir/opt/pico-sdk/src/rp2_common/hardware_claim/claim.c.obj
                0x000000001000058c                hw_claim_unused_from_range
 .text.hw_claim_clear
                0x0000000010000628       0x38 CMakeFiles/blink_w.dir/opt/pico-sdk/src/rp2_common/hardware_claim/claim.c.obj
                0x0000000010000628                hw_claim_clear
 .text.spin_locks_reset
                0x0000000010000660       0x1c CMakeFiles/blink_w.dir/opt/pico-sdk/src/rp2_common/hardware_sync/sync.c.obj
                0x0000000010000660                spin_locks_reset
 .text.next_striped_spin_lock_num
                0x000000001000067c       0x18 CMakeFiles/blink_w.dir/opt/pico-sdk/src/rp2_common/hardware_sync/sync.c.obj
                0x000000001000067c                next_striped_spin_lock_num
 .text.spin_lock_claim_unused
                0x0000000010000694       0x20 CMakeFiles/blink_w.dir/opt/pico-sdk/src/rp2_common/hardware_sync/sync.c.obj
                0x0000000010000694                spin_lock_claim_unused
 .text.irq_set_enabled
                0x00000000100006b4       0x24 CMakeFiles/blink_w.dir/opt/pico-sdk/src/rp2_common/hardware_irq/irq.c.obj
                0x00000000100006b4                irq_set_enabled
 .text.irq_set_pending
                0x00000000100006d8       0x10 CMakeFiles/blink_w.dir/opt/pico-sdk/src/rp2_common/hardware_irq/irq.c.obj
                0x00000000100006d8                irq_set_pending
 .text.irq_has_shared_handler
                0x00000000100006e8       0x2c CMakeFiles/blink_w.dir/opt/pico-sdk/src/rp2_common/hardware_irq/irq.c.obj
                0x00000000100006e8                irq_has_shared_handler
 .text.irq_get_vtable_handler
                0x0000000010000714       0x10 CMakeFiles/blink_w.dir/opt/pico-sdk/src/rp2_common/hardware_irq/irq.c.obj
                0x0000000010000714                irq_get_vtable_handler
 .text.irq_set_exclusive_handler
                0x0000000010000724       0x54 CMakeFiles/blink_w.dir/opt/pico-sdk/src/rp2_common/hardware_irq/irq.c.obj
                0x0000000010000724                irq_set_exclusive_handler
 .text.irq_add_shared_handler
                0x0000000010000778      0x1e8 CMakeFiles/blink_w.dir/opt/pico-sdk/src/rp2_common/hardware_irq/irq.c.obj
                0x0000000010000778                irq_add_shared_handler
 .text.irq_remove_handler
                0x0000000010000960      0x1b0 CMakeFiles/blink_w.dir/opt/pico-sdk/src/rp2_common/hardware_irq/irq.c.obj
                0x0000000010000960                irq_remove_handler
 .text.irq_set_priority
                0x0000000010000b10       0x28 CMakeFiles/blink_w.dir/opt/pico-sdk/src/rp2_common/hardware_irq/irq.c.obj
                0x0000000010000b10                irq_set_priority
 .text.irq_add_tail_to_free_list
                0x0000000010000b38       0xb4 CMakeFiles/blink_w.dir/opt/pico-sdk/src/rp2_common/hardware_irq/irq.c.obj
                0x0000000010000b38                irq_add_tail_to_free_list
 .text.irq_init_priorities
                0x0000000010000bec       0x24 CMakeFiles/blink_w.dir/opt/pico-sdk/src/rp2_common/hardware_irq/irq.c.obj
                0x0000000010000bec                irq_init_priorities
 .text.user_irq_unclaim
                0x0000000010000c10       0x14 CMakeFiles/blink_w.dir/opt/pico-sdk/src/rp2_common/hardware_irq/irq.c.obj
                0x0000000010000c10                user_irq_unclaim
 .text.user_irq_claim_unused
                0x0000000010000c24       0x28 CMakeFiles/blink_w.dir/opt/pico-sdk/src/rp2_common/hardware_irq/irq.c.obj
                0x0000000010000c24                user_irq_claim_unused
 .text.sem_init
                0x0000000010000c4c       0x20 CMakeFiles/blink_w.dir/opt/pico-sdk/src/common/pico_sync/sem.c.obj
                0x0000000010000c4c                sem_init
 .text.lock_init
                0x0000000010000c6c       0x10 CMakeFiles/blink_w.dir/opt/pico-sdk/src/common/pico_sync/lock_core.c.obj
                0x0000000010000c6c                lock_init
 .text.mutex_init
                0x0000000010000c7c       0x1c CMakeFiles/blink_w.dir/opt/pico-sdk/src/common/pico_sync/mutex.c.obj
                0x0000000010000c7c                mutex_init
 .text.recursive_mutex_init
                0x0000000010000c98       0x1c CMakeFiles/blink_w.dir/opt/pico-sdk/src/common/pico_sync/mutex.c.obj
                0x0000000010000c98                recursive_mutex_init
 .text.critical_section_init
                0x0000000010000cb4       0x20 CMakeFiles/blink_w.dir/opt/pico-sdk/src/common/pico_sync/critical_section.c.obj
                0x0000000010000cb4                critical_section_init
 .text.critical_section_init_with_lock_num
                0x0000000010000cd4       0x14 CMakeFiles/blink_w.dir/opt/pico-sdk/src/common/pico_sync/critical_section.c.obj
                0x0000000010000cd4                critical_section_init_with_lock_num
 .text.timer_pool_entry_comparator
                0x0000000010000ce8       0x34 CMakeFiles/blink_w.dir/opt/pico-sdk/src/common/pico_time/time.c.obj
                0x0000000010000ce8                timer_pool_entry_comparator
 .text.sleep_until_callback
                0x0000000010000d1c       0x30 CMakeFiles/blink_w.dir/opt/pico-sdk/src/common/pico_time/time.c.obj
 .text.add_alarm_under_lock.isra.0
                0x0000000010000d4c      0x100 CMakeFiles/blink_w.dir/opt/pico-sdk/src/common/pico_time/time.c.obj
 .text.alarm_pool_alarm_callback
                0x0000000010000e4c      0x1bc CMakeFiles/blink_w.dir/opt/pico-sdk/src/common/pico_time/time.c.obj
 .text.alarm_pool_init_default
                0x0000000010001008       0x6c CMakeFiles/blink_w.dir/opt/pico-sdk/src/common/pico_time/time.c.obj
                0x0000000010001008                alarm_pool_init_default
 .text.alarm_pool_get_default
                0x0000000010001074        0x8 CMakeFiles/blink_w.dir/opt/pico-sdk/src/common/pico_time/time.c.obj
                0x0000000010001074                alarm_pool_get_default
 .text.alarm_pool_add_alarm_at
                0x000000001000107c      0x178 CMakeFiles/blink_w.dir/opt/pico-sdk/src/common/pico_time/time.c.obj
                0x000000001000107c                alarm_pool_add_alarm_at
 .text.alarm_pool_cancel_alarm
                0x00000000100011f4       0x78 CMakeFiles/blink_w.dir/opt/pico-sdk/src/common/pico_time/time.c.obj
                0x00000000100011f4                alarm_pool_cancel_alarm
 .text.alarm_pool_core_num
                0x000000001000126c        0x4 CMakeFiles/blink_w.dir/opt/pico-sdk/src/common/pico_time/time.c.obj
                0x000000001000126c                alarm_pool_core_num
 .text.sleep_until
                0x0000000010001270       0xc4 CMakeFiles/blink_w.dir/opt/pico-sdk/src/common/pico_time/time.c.obj
                0x0000000010001270                sleep_until
 .text.sleep_ms
                0x0000000010001334       0x34 CMakeFiles/blink_w.dir/opt/pico-sdk/src/common/pico_time/time.c.obj
                0x0000000010001334                sleep_ms
 .text.best_effort_wfe_or_timeout
                0x0000000010001368       0xd4 CMakeFiles/blink_w.dir/opt/pico-sdk/src/common/pico_time/time.c.obj
                0x0000000010001368                best_effort_wfe_or_timeout
 .text.hardware_alarm_irq_handler
                0x000000001000143c       0xbc CMakeFiles/blink_w.dir/opt/pico-sdk/src/rp2_common/hardware_timer/timer.c.obj
 .text.hardware_alarm_claim
                0x00000000100014f8       0x18 CMakeFiles/blink_w.dir/opt/pico-sdk/src/rp2_common/hardware_timer/timer.c.obj
                0x00000000100014f8                hardware_alarm_claim
 .text.time_us_64
                0x0000000010001510       0x14 CMakeFiles/blink_w.dir/opt/pico-sdk/src/rp2_common/hardware_timer/timer.c.obj
                0x0000000010001510                time_us_64
 .text.busy_wait_until
                0x0000000010001524       0x20 CMakeFiles/blink_w.dir/opt/pico-sdk/src/rp2_common/hardware_timer/timer.c.obj
                0x0000000010001524                busy_wait_until
 .text.hardware_alarm_set_callback
                0x0000000010001544       0x8c CMakeFiles/blink_w.dir/opt/pico-sdk/src/rp2_common/hardware_timer/timer.c.obj
                0x0000000010001544                hardware_alarm_set_callback
 .text.hardware_alarm_set_target
                0x00000000100015d0       0xd4 CMakeFiles/blink_w.dir/opt/pico-sdk/src/rp2_common/hardware_timer/timer.c.obj
                0x00000000100015d0                hardware_alarm_set_target
 .text.hardware_alarm_cancel
                0x00000000100016a4       0x3c CMakeFiles/blink_w.dir/opt/pico-sdk/src/rp2_common/hardware_timer/timer.c.obj
                0x00000000100016a4                hardware_alarm_cancel
 .text.ph_merge_nodes
                0x00000000100016e0       0x68 CMakeFiles/blink_w.dir/opt/pico-sdk/src/common/pico_util/pheap.c.obj
 .text.ph_post_alloc_init
                0x0000000010001748       0x3c CMakeFiles/blink_w.dir/opt/pico-sdk/src/common/pico_util/pheap.c.obj
                0x0000000010001748                ph_post_alloc_init
 .text.ph_merge_two_pass
                0x0000000010001784       0x90 CMakeFiles/blink_w.dir/opt/pico-sdk/src/common/pico_util/pheap.c.obj
                0x0000000010001784                ph_merge_two_pass
 .text.ph_remove_any_head
                0x0000000010001814      0x100 CMakeFiles/blink_w.dir/opt/pico-sdk/src/common/pico_util/pheap.c.obj
 .text.ph_remove_head
                0x0000000010001914      0x104 CMakeFiles/blink_w.dir/opt/pico-sdk/src/common/pico_util/pheap.c.obj
                0x0000000010001914                ph_remove_head
 .text.ph_remove_and_free_node
                0x0000000010001a18       0x7c CMakeFiles/blink_w.dir/opt/pico-sdk/src/common/pico_util/pheap.c.obj
                0x0000000010001a18                ph_remove_and_free_node
 .text.clocks_init
                0x0000000010001a94      0x2d0 CMakeFiles/blink_w.dir/opt/pico-sdk/src/rp2_common/hardware_clocks/clocks.c.obj
                0x0000000010001a94                clocks_init
 .text.clock_get_hz
                0x0000000010001d64        0xc CMakeFiles/blink_w.dir/opt/pico-sdk/src/rp2_common/hardware_clocks/clocks.c.obj
                0x0000000010001d64                clock_get_hz
 .text.pll_init
                0x0000000010001d70       0xa0 CMakeFiles/blink_w.dir/opt/pico-sdk/src/rp2_common/hardware_pll/pll.c.obj
                0x0000000010001d70                pll_init
 .text.watchdog_start_tick
                0x0000000010001e10       0x10 CMakeFiles/blink_w.dir/opt/pico-sdk/src/rp2_common/hardware_watchdog/watchdog.c.obj
                0x0000000010001e10                watchdog_start_tick
 .text.watchdog_reboot
                0x0000000010001e20       0x98 CMakeFiles/blink_w.dir/opt/pico-sdk/src/rp2_common/hardware_watchdog/watchdog.c.obj
                0x0000000010001e20                watchdog_reboot
 .text.xosc_init
                0x0000000010001eb8       0x28 CMakeFiles/blink_w.dir/opt/pico-sdk/src/rp2_common/hardware_xosc/xosc.c.obj
                0x0000000010001eb8                xosc_init
 .text.runtime_init
                0x0000000010001ee0       0xf0 CMakeFiles/blink_w.dir/opt/pico-sdk/src/rp2_common/pico_runtime/runtime.c.obj
                0x0000000010001ee0                runtime_init
 .text._exit    0x0000000010001fd0        0x4 CMakeFiles/blink_w.dir/opt/pico-sdk/src/rp2_common/pico_runtime/runtime.c.obj
                0x0000000010001fd0                _exit
 .text.exit     0x0000000010001fd4        0x8 CMakeFiles/blink_w.dir/opt/pico-sdk/src/rp2_common/pico_runtime/runtime.c.obj
                0x0000000010001fd4                exit
 .text.panic    0x0000000010001fdc       0x30 CMakeFiles/blink_w.dir/opt/pico-sdk/src/rp2_common/pico_runtime/runtime.c.obj
                0x0000000010001fdc                panic
 .text.hard_assertion_failure
                0x000000001000200c        0xc CMakeFiles/blink_w.dir/opt/pico-sdk/src/rp2_common/pico_runtime/runtime.c.obj
                0x000000001000200c                hard_assertion_failure
 .text._out_null
                0x0000000010002018        0x4 CMakeFiles/blink_w.dir/opt/pico-sdk/src/rp2_common/pico_printf/printf.c.obj
 .text._out_rev
                0x000000001000201c       0x9c CMakeFiles/blink_w.dir/opt/pico-sdk/src/rp2_common/pico_printf/printf.c.obj
 .text._ntoa_format
                0x00000000100020b8      0x1cc CMakeFiles/blink_w.dir/opt/pico-sdk/src/rp2_common/pico_printf/printf.c.obj
 .text._out_char
                0x0000000010002284       0x10 CMakeFiles/blink_w.dir/opt/pico-sdk/src/rp2_common/pico_printf/printf.c.obj
 .text._out_fct
                0x0000000010002294       0x10 CMakeFiles/blink_w.dir/opt/pico-sdk/src/rp2_common/pico_printf/printf.c.obj
 .text._etoa    0x00000000100022a4      0x44c CMakeFiles/blink_w.dir/opt/pico-sdk/src/rp2_common/pico_printf/printf.c.obj
 .text._ftoa    0x00000000100026f0      0x398 CMakeFiles/blink_w.dir/opt/pico-sdk/src/rp2_common/pico_printf/printf.c.obj
 .text._vsnprintf
                0x0000000010002a88      0xb04 CMakeFiles/blink_w.dir/opt/pico-sdk/src/rp2_common/pico_printf/printf.c.obj
 .text.vfctprintf
                0x000000001000358c       0x20 CMakeFiles/blink_w.dir/opt/pico-sdk/src/rp2_common/pico_printf/printf.c.obj
                0x000000001000358c                vfctprintf
 .text.weak_raw_vprintf
                0x00000000100035ac       0x30 CMakeFiles/blink_w.dir/opt/pico-sdk/src/rp2_common/pico_printf/printf.c.obj
                0x00000000100035ac                weak_raw_vprintf
 .text          0x00000000100035dc       0x10 CMakeFiles/blink_w.dir/opt/pico-sdk/src/rp2_common/pico_bit_ops/bit_ops_aeabi.S.obj
 .text.ctzsi    0x00000000100035ec        0xc CMakeFiles/blink_w.dir/opt/pico-sdk/src/rp2_common/pico_bit_ops/bit_ops_aeabi.S.obj
                0x00000000100035ec                __wrap___ctzsi2
 .text.rom_func_lookup
                0x00000000100035f8       0x10 CMakeFiles/blink_w.dir/opt/pico-sdk/src/rp2_common/pico_bootrom/bootrom.c.obj
                0x00000000100035f8                rom_func_lookup
 .text.rom_data_lookup
                0x0000000010003608       0x10 CMakeFiles/blink_w.dir/opt/pico-sdk/src/rp2_common/pico_bootrom/bootrom.c.obj
                0x0000000010003608                rom_data_lookup
 .text.rom_funcs_lookup
                0x0000000010003618       0x44 CMakeFiles/blink_w.dir/opt/pico-sdk/src/rp2_common/pico_bootrom/bootrom.c.obj
                0x0000000010003618                rom_funcs_lookup
 .text.__wrap___aeabi_idiv
                0x000000001000365c       0x50 CMakeFiles/blink_w.dir/opt/pico-sdk/src/rp2_common/pico_divider/divider.S.obj
                0x000000001000365c                __wrap___aeabi_idivmod
                0x000000001000365c                divmod_s32s32
                0x000000001000365c                div_s32s32
                0x000000001000365c                __wrap___aeabi_idiv
                0x0000000010003664                divmod_s32s32_unsafe
                0x0000000010003690                divmod_s32s32_savestate
 .text.__wrap___aeabi_uidiv
                0x00000000100036ac       0x4c CMakeFiles/blink_w.dir/opt/pico-sdk/src/rp2_common/pico_divider/divider.S.obj
                0x00000000100036ac                __wrap___aeabi_uidiv
                0x00000000100036ac                __wrap___aeabi_uidivmod
                0x00000000100036ac                div_u32u32
                0x00000000100036ac                divmod_u32u32
                0x00000000100036b4                divmod_u32u32_unsafe
                0x00000000100036dc                divmod_u32u32_savestate
 .text.__wrap___aeabi_ldiv
                0x00000000100036f8      0x424 CMakeFiles/blink_w.dir/opt/pico-sdk/src/rp2_common/pico_divider/divider.S.obj
                0x00000000100036f8                div_s64s64
                0x00000000100036f8                divmod_s64s64
                0x00000000100036f8                __wrap___aeabi_ldivmod
                0x0000000010003728                div_u64u64
                0x0000000010003728                divmod_u64u64
                0x0000000010003728                __wrap___aeabi_uldivmod
                0x0000000010003738                divmod_u64u64_savestate
                0x0000000010003758                divmod_s64s64_unsafe
                0x00000000100037e0                divmod_u64u64_unsafe
 .text.__wrap___aeabi_darithmetic
                0x0000000010003b1c       0x60 CMakeFiles/blink_w.dir/opt/pico-sdk/src/rp2_common/pico_double/double_aeabi.S.obj
                0x0000000010003b1c                __wrap___aeabi_drsub
                0x0000000010003b22                __wrap___aeabi_dsub
                0x0000000010003b2c                __wrap___aeabi_dadd
                0x0000000010003b36                __wrap___aeabi_ddiv
                0x0000000010003b6a                __wrap___aeabi_dmul
 .text.__wrap___aeabi_cdcmple
                0x0000000010003b7c       0x6c CMakeFiles/blink_w.dir/opt/pico-sdk/src/rp2_common/pico_double/double_aeabi.S.obj
                0x0000000010003b7c                __wrap___aeabi_cdrcmple
                0x0000000010003b8c                __wrap___aeabi_cdcmple
                0x0000000010003b8c                __wrap___aeabi_cdcmpeq
 .text.__wrap___aeabi_dcmplt
                0x0000000010003be8        0xc CMakeFiles/blink_w.dir/opt/pico-sdk/src/rp2_common/pico_double/double_aeabi.S.obj
                0x0000000010003be8                __wrap___aeabi_dcmplt
 .text.__wrap___aeabi_dcmple
                0x0000000010003bf4       0x10 CMakeFiles/blink_w.dir/opt/pico-sdk/src/rp2_common/pico_double/double_aeabi.S.obj
                0x0000000010003bf4                __wrap___aeabi_dcmple
 .text.__wrap___aeabi_dcmpge
                0x0000000010003c04       0x10 CMakeFiles/blink_w.dir/opt/pico-sdk/src/rp2_common/pico_double/double_aeabi.S.obj
                0x0000000010003c04                __wrap___aeabi_dcmpge
 .text.__wrap___aeabi_dcmpgt
                0x0000000010003c14        0xa CMakeFiles/blink_w.dir/opt/pico-sdk/src/rp2_common/pico_double/double_aeabi.S.obj
                0x0000000010003c14                __wrap___aeabi_dcmpgt
 .text.__wrap___aeabi_dcmpun
                0x0000000010003c1e       0x1c CMakeFiles/blink_w.dir/opt/pico-sdk/src/rp2_common/pico_double/double_aeabi.S.obj
                0x0000000010003c1e                __wrap___aeabi_dcmpun
 *fill*         0x0000000010003c3a        0x2 
 .text.__wrap___aeabi_i2d
                0x0000000010003c3c       0x38 CMakeFiles/blink_w.dir/opt/pico-sdk/src/rp2_common/pico_double/double_aeabi.S.obj
                0x0000000010003c3c                __wrap___aeabi_ui2d
                0x0000000010003c44                __wrap___aeabi_i2d
 .text.__wrap___aeabi_d2iz
                0x0000000010003c74       0x48 CMakeFiles/blink_w.dir/opt/pico-sdk/src/rp2_common/pico_double/double_aeabi.S.obj
                0x0000000010003c74                __wrap___aeabi_d2iz
                0x0000000010003c74                double2int_z
 .text.__wrap___aeabi_d2uiz
                0x0000000010003cbc       0x10 CMakeFiles/blink_w.dir/opt/pico-sdk/src/rp2_common/pico_double/double_aeabi.S.obj
                0x0000000010003cbc                double2uint
                0x0000000010003cbc                __wrap___aeabi_d2uiz
 .text.missing_double_func_shim
                0x0000000010003ccc        0xc CMakeFiles/blink_w.dir/opt/pico-sdk/src/rp2_common/pico_double/double_init_rom.c.obj
 .text.__aeabi_double_init
                0x0000000010003cd8       0x98 CMakeFiles/blink_w.dir/opt/pico-sdk/src/rp2_common/pico_double/double_init_rom.c.obj
                0x0000000010003cd8                __aeabi_double_init
 .text.double_table_shim_on_use_helper
                0x0000000010003d70       0x2c CMakeFiles/blink_w.dir/opt/pico-sdk/src/rp2_common/pico_double/double_v1_rom_shim.S.obj
                0x0000000010003d70                double_table_shim_on_use_helper
 .text.__aeabi_lmul
                0x0000000010003d9c       0x32 CMakeFiles/blink_w.dir/opt/pico-sdk/src/rp2_common/pico_int64_ops/pico_int64_ops_aeabi.S.obj
                0x0000000010003d9c                __wrap___aeabi_lmul
 *fill*         0x0000000010003dce        0x2 
 .text.missing_float_func_shim
                0x0000000010003dd0        0xc CMakeFiles/blink_w.dir/opt/pico-sdk/src/rp2_common/pico_float/float_init_rom.c.obj
 .text.__aeabi_float_init
                0x0000000010003ddc       0x5c CMakeFiles/blink_w.dir/opt/pico-sdk/src/rp2_common/pico_float/float_init_rom.c.obj
                0x0000000010003ddc                __aeabi_float_init
 .text          0x0000000010003e38       0x10 CMakeFiles/blink_w.dir/opt/pico-sdk/src/rp2_common/pico_mem_ops/mem_ops_aeabi.S.obj
                0x0000000010003e38                __aeabi_mem_init
 .text.memset   0x0000000010003e48        0xc CMakeFiles/blink_w.dir/opt/pico-sdk/src/rp2_common/pico_mem_ops/mem_ops_aeabi.S.obj
                0x0000000010003e48                __wrap_memset
 .text.memcpy   0x0000000010003e54        0xc CMakeFiles/blink_w.dir/opt/pico-sdk/src/rp2_common/pico_mem_ops/mem_ops_aeabi.S.obj
                0x0000000010003e54                __wrap___aeabi_memcpy
                0x0000000010003e54                __wrap_memcpy
 .text.stdio_out_chars_no_crlf
                0x0000000010003e60       0x10 CMakeFiles/blink_w.dir/opt/pico-sdk/src/rp2_common/pico_stdio/stdio.c.obj
 .text.stdio_out_chars_crlf
                0x0000000010003e70       0xb4 CMakeFiles/blink_w.dir/opt/pico-sdk/src/rp2_common/pico_stdio/stdio.c.obj
 .text.stdio_buffered_printer
                0x0000000010003f24       0x64 CMakeFiles/blink_w.dir/opt/pico-sdk/src/rp2_common/pico_stdio/stdio.c.obj
 .text.stdio_put_string.isra.0
                0x0000000010003f88       0xfc CMakeFiles/blink_w.dir/opt/pico-sdk/src/rp2_common/pico_stdio/stdio.c.obj
 .text.__wrap_putchar
                0x0000000010004084       0x98 CMakeFiles/blink_w.dir/opt/pico-sdk/src/rp2_common/pico_stdio/stdio.c.obj
                0x0000000010004084                __wrap_putchar
 .text.__wrap_puts
                0x000000001000411c       0x3c CMakeFiles/blink_w.dir/opt/pico-sdk/src/rp2_common/pico_stdio/stdio.c.obj
                0x000000001000411c                __wrap_puts
 .text.stdio_set_driver_enabled
                0x0000000010004158       0x30 CMakeFiles/blink_w.dir/opt/pico-sdk/src/rp2_common/pico_stdio/stdio.c.obj
                0x0000000010004158                stdio_set_driver_enabled
 .text.__wrap_vprintf
                0x0000000010004188       0xd8 CMakeFiles/blink_w.dir/opt/pico-sdk/src/rp2_common/pico_stdio/stdio.c.obj
                0x0000000010004188                __wrap_vprintf
 .text.__wrap_printf
                0x0000000010004260       0x18 CMakeFiles/blink_w.dir/opt/pico-sdk/src/rp2_common/pico_stdio/stdio.c.obj
                0x0000000010004260                __wrap_printf
 .text.stdio_init_all
                0x0000000010004278        0x8 CMakeFiles/blink_w.dir/opt/pico-sdk/src/rp2_common/pico_stdio/stdio.c.obj
                0x0000000010004278                stdio_init_all
 .text.resetd_init
                0x0000000010004280        0x4 CMakeFiles/blink_w.dir/opt/pico-sdk/src/rp2_common/pico_stdio_usb/reset_interface.c.obj
 .text.resetd_reset
                0x0000000010004284        0xc CMakeFiles/blink_w.dir/opt/pico-sdk/src/rp2_common/pico_stdio_usb/reset_interface.c.obj
 .text.resetd_open
                0x0000000010004290       0x28 CMakeFiles/blink_w.dir/opt/pico-sdk/src/rp2_common/pico_stdio_usb/reset_interface.c.obj
 .text.resetd_xfer_cb
                0x00000000100042b8        0x4 CMakeFiles/blink_w.dir/opt/pico-sdk/src/rp2_common/pico_stdio_usb/reset_interface.c.obj
 .text.resetd_control_xfer_cb
                0x00000000100042bc       0x64 CMakeFiles/blink_w.dir/opt/pico-sdk/src/rp2_common/pico_stdio_usb/reset_interface.c.obj
 .text.usbd_app_driver_get_cb
                0x0000000010004320        0xc CMakeFiles/blink_w.dir/opt/pico-sdk/src/rp2_common/pico_stdio_usb/reset_interface.c.obj
                0x0000000010004320                usbd_app_driver_get_cb
 .text.tud_cdc_line_coding_cb
                0x000000001000432c       0x34 CMakeFiles/blink_w.dir/opt/pico-sdk/src/rp2_common/pico_stdio_usb/reset_interface.c.obj
                0x000000001000432c                tud_cdc_line_coding_cb
 .text.stdio_usb_set_chars_available_callback
                0x0000000010004360       0x14 CMakeFiles/blink_w.dir/opt/pico-sdk/src/rp2_common/pico_stdio_usb/stdio_usb.c.obj
                0x0000000010004360                stdio_usb_set_chars_available_callback
 .text.usb_irq  0x0000000010004374       0x10 CMakeFiles/blink_w.dir/opt/pico-sdk/src/rp2_common/pico_stdio_usb/stdio_usb.c.obj
 .text.timer_task
                0x0000000010004384       0x54 CMakeFiles/blink_w.dir/opt/pico-sdk/src/rp2_common/pico_stdio_usb/stdio_usb.c.obj
 .text.stdio_usb_in_chars
                0x00000000100043d8       0x90 CMakeFiles/blink_w.dir/opt/pico-sdk/src/rp2_common/pico_stdio_usb/stdio_usb.c.obj
                0x00000000100043d8                stdio_usb_in_chars
 .text.stdio_usb_out_chars
                0x0000000010004468      0x100 CMakeFiles/blink_w.dir/opt/pico-sdk/src/rp2_common/pico_stdio_usb/stdio_usb.c.obj
 .text.low_priority_worker_irq
                0x0000000010004568       0xa8 CMakeFiles/blink_w.dir/opt/pico-sdk/src/rp2_common/pico_stdio_usb/stdio_usb.c.obj
 .text.tud_cdc_rx_cb
                0x0000000010004610       0x20 CMakeFiles/blink_w.dir/opt/pico-sdk/src/rp2_common/pico_stdio_usb/stdio_usb.c.obj
                0x0000000010004610                tud_cdc_rx_cb
 .text.stdio_usb_init
                0x0000000010004630       0xdc CMakeFiles/blink_w.dir/opt/pico-sdk/src/rp2_common/pico_stdio_usb/stdio_usb.c.obj
                0x0000000010004630                stdio_usb_init
 .text.tud_descriptor_device_cb
                0x000000001000470c        0x8 CMakeFiles/blink_w.dir/opt/pico-sdk/src/rp2_common/pico_stdio_usb/stdio_usb_descriptors.c.obj
                0x000000001000470c                tud_descriptor_device_cb
 .text.tud_descriptor_configuration_cb
                0x0000000010004714        0x8 CMakeFiles/blink_w.dir/opt/pico-sdk/src/rp2_common/pico_stdio_usb/stdio_usb_descriptors.c.obj
                0x0000000010004714                tud_descriptor_configuration_cb
 .text.tud_descriptor_string_cb
                0x000000001000471c       0x74 CMakeFiles/blink_w.dir/opt/pico-sdk/src/rp2_common/pico_stdio_usb/stdio_usb_descriptors.c.obj
                0x000000001000471c                tud_descriptor_string_cb
 .text.startup._retrieve_unique_id_on_boot
                0x0000000010004790       0x10 CMakeFiles/blink_w.dir/opt/pico-sdk/src/rp2_common/pico_unique_id/unique_id.c.obj
 .text.pico_get_unique_board_id
                0x00000000100047a0       0x10 CMakeFiles/blink_w.dir/opt/pico-sdk/src/rp2_common/pico_unique_id/unique_id.c.obj
                0x00000000100047a0                pico_get_unique_board_id
 .text.pico_get_unique_board_id_string
                0x00000000100047b0      0x1a8 CMakeFiles/blink_w.dir/opt/pico-sdk/src/rp2_common/pico_unique_id/unique_id.c.obj
                0x00000000100047b0                pico_get_unique_board_id_string
 .text.flash_get_unique_id
                0x0000000010004958       0x40 CMakeFiles/blink_w.dir/opt/pico-sdk/src/rp2_common/hardware_flash/flash.c.obj
                0x0000000010004958                flash_get_unique_id
 .text.dcd_int_enable
                0x0000000010004998        0xc CMakeFiles/blink_w.dir/opt/pico-sdk/lib/tinyusb/src/portable/raspberrypi/rp2040/dcd_rp2040.c.obj
                0x0000000010004998                dcd_int_enable
 .text.dcd_set_address
                0x00000000100049a4       0x14 CMakeFiles/blink_w.dir/opt/pico-sdk/lib/tinyusb/src/portable/raspberrypi/rp2040/dcd_rp2040.c.obj
                0x00000000100049a4                dcd_set_address
 .text.dcd_connect
                0x00000000100049b8       0x10 CMakeFiles/blink_w.dir/opt/pico-sdk/lib/tinyusb/src/portable/raspberrypi/rp2040/dcd_rp2040.c.obj
                0x00000000100049b8                dcd_connect
 .text.dcd_init
                0x00000000100049c8       0x98 CMakeFiles/blink_w.dir/opt/pico-sdk/lib/tinyusb/src/portable/raspberrypi/rp2040/dcd_rp2040.c.obj
                0x00000000100049c8                dcd_init
 .text.dcd_edpt0_status_complete
                0x0000000010004a60       0x1c CMakeFiles/blink_w.dir/opt/pico-sdk/lib/tinyusb/src/portable/raspberrypi/rp2040/dcd_rp2040.c.obj
                0x0000000010004a60                dcd_edpt0_status_complete
 .text.dcd_edpt_open
                0x0000000010004a7c      0x108 CMakeFiles/blink_w.dir/opt/pico-sdk/lib/tinyusb/src/portable/raspberrypi/rp2040/dcd_rp2040.c.obj
                0x0000000010004a7c                dcd_edpt_open
 .text.dcd_edpt_close_all
                0x0000000010004b84        0x8 CMakeFiles/blink_w.dir/opt/pico-sdk/lib/tinyusb/src/portable/raspberrypi/rp2040/dcd_rp2040.c.obj
                0x0000000010004b84                dcd_edpt_close_all
 .text.dcd_edpt_xfer
                0x0000000010004b8c       0x24 CMakeFiles/blink_w.dir/opt/pico-sdk/lib/tinyusb/src/portable/raspberrypi/rp2040/dcd_rp2040.c.obj
                0x0000000010004b8c                dcd_edpt_xfer
 .text.dcd_edpt_stall
                0x0000000010004bb0       0x38 CMakeFiles/blink_w.dir/opt/pico-sdk/lib/tinyusb/src/portable/raspberrypi/rp2040/dcd_rp2040.c.obj
                0x0000000010004bb0                dcd_edpt_stall
 .text.dcd_edpt_clear_stall
                0x0000000010004be8       0x30 CMakeFiles/blink_w.dir/opt/pico-sdk/lib/tinyusb/src/portable/raspberrypi/rp2040/dcd_rp2040.c.obj
                0x0000000010004be8                dcd_edpt_clear_stall
 .text.rp2040_usb_init
                0x0000000010004c18       0x4c CMakeFiles/blink_w.dir/opt/pico-sdk/lib/tinyusb/src/portable/raspberrypi/rp2040/rp2040_usb.c.obj
                0x0000000010004c18                rp2040_usb_init
 .text.hw_endpoint_xfer_start
                0x0000000010004c64       0x50 CMakeFiles/blink_w.dir/opt/pico-sdk/lib/tinyusb/src/portable/raspberrypi/rp2040/rp2040_usb.c.obj
                0x0000000010004c64                hw_endpoint_xfer_start
 .text.tud_mounted
                0x0000000010004cb4       0x10 CMakeFiles/blink_w.dir/opt/pico-sdk/lib/tinyusb/src/device/usbd.c.obj
                0x0000000010004cb4                tud_mounted
 .text.tud_suspended
                0x0000000010004cc4       0x10 CMakeFiles/blink_w.dir/opt/pico-sdk/lib/tinyusb/src/device/usbd.c.obj
                0x0000000010004cc4                tud_suspended
 .text.tud_inited
                0x0000000010004cd4       0x14 CMakeFiles/blink_w.dir/opt/pico-sdk/lib/tinyusb/src/device/usbd.c.obj
                0x0000000010004cd4                tud_inited
 .text.tud_init
                0x0000000010004ce8       0xe4 CMakeFiles/blink_w.dir/opt/pico-sdk/lib/tinyusb/src/device/usbd.c.obj
                0x0000000010004ce8                tud_init
 .text.tud_task_ext
                0x0000000010004dcc      0x854 CMakeFiles/blink_w.dir/opt/pico-sdk/lib/tinyusb/src/device/usbd.c.obj
                0x0000000010004dcc                tud_task_ext
 .text.usbd_open_edpt_pair
                0x0000000010005620       0x9c CMakeFiles/blink_w.dir/opt/pico-sdk/lib/tinyusb/src/device/usbd.c.obj
                0x0000000010005620                usbd_open_edpt_pair
 .text.usbd_defer_func
                0x00000000100056bc       0x48 CMakeFiles/blink_w.dir/opt/pico-sdk/lib/tinyusb/src/device/usbd.c.obj
                0x00000000100056bc                usbd_defer_func
 .text.usbd_edpt_open
                0x0000000010005704       0x34 CMakeFiles/blink_w.dir/opt/pico-sdk/lib/tinyusb/src/device/usbd.c.obj
                0x0000000010005704                usbd_edpt_open
 .text.usbd_edpt_claim
                0x0000000010005738       0x28 CMakeFiles/blink_w.dir/opt/pico-sdk/lib/tinyusb/src/device/usbd.c.obj
                0x0000000010005738                usbd_edpt_claim
 .text.usbd_edpt_release
                0x0000000010005760       0x28 CMakeFiles/blink_w.dir/opt/pico-sdk/lib/tinyusb/src/device/usbd.c.obj
                0x0000000010005760                usbd_edpt_release
 .text.usbd_edpt_xfer
                0x0000000010005788       0x4c CMakeFiles/blink_w.dir/opt/pico-sdk/lib/tinyusb/src/device/usbd.c.obj
                0x0000000010005788                usbd_edpt_xfer
 .text.tud_control_status
                0x00000000100057d4       0x30 CMakeFiles/blink_w.dir/opt/pico-sdk/lib/tinyusb/src/device/usbd_control.c.obj
                0x00000000100057d4                tud_control_status
 .text.tud_control_xfer
                0x0000000010005804       0xbc CMakeFiles/blink_w.dir/opt/pico-sdk/lib/tinyusb/src/device/usbd_control.c.obj
                0x0000000010005804                tud_control_xfer
 .text.usbd_control_reset
                0x00000000100058c0       0x14 CMakeFiles/blink_w.dir/opt/pico-sdk/lib/tinyusb/src/device/usbd_control.c.obj
                0x00000000100058c0                usbd_control_reset
 .text.usbd_control_set_complete_callback
                0x00000000100058d4        0xc CMakeFiles/blink_w.dir/opt/pico-sdk/lib/tinyusb/src/device/usbd_control.c.obj
                0x00000000100058d4                usbd_control_set_complete_callback
 .text.usbd_control_set_request
                0x00000000100058e0       0x1c CMakeFiles/blink_w.dir/opt/pico-sdk/lib/tinyusb/src/device/usbd_control.c.obj
                0x00000000100058e0                usbd_control_set_request
 .text.usbd_control_xfer_cb
                0x00000000100058fc       0xfc CMakeFiles/blink_w.dir/opt/pico-sdk/lib/tinyusb/src/device/usbd_control.c.obj
                0x00000000100058fc                usbd_control_xfer_cb
 .text.tud_cdc_n_connected
                0x00000000100059f8       0x30 CMakeFiles/blink_w.dir/opt/pico-sdk/lib/tinyusb/src/class/cdc/cdc_device.c.obj
                0x00000000100059f8                tud_cdc_n_connected
 .text.tud_cdc_n_available
                0x0000000010005a28       0x18 CMakeFiles/blink_w.dir/opt/pico-sdk/lib/tinyusb/src/class/cdc/cdc_device.c.obj
                0x0000000010005a28                tud_cdc_n_available
 .text.tud_cdc_n_read
                0x0000000010005a40       0x70 CMakeFiles/blink_w.dir/opt/pico-sdk/lib/tinyusb/src/class/cdc/cdc_device.c.obj
                0x0000000010005a40                tud_cdc_n_read
 .text.tud_cdc_n_write_flush
                0x0000000010005ab0       0x78 CMakeFiles/blink_w.dir/opt/pico-sdk/lib/tinyusb/src/class/cdc/cdc_device.c.obj
                0x0000000010005ab0                tud_cdc_n_write_flush
 .text.tud_cdc_n_write
                0x0000000010005b28       0x34 CMakeFiles/blink_w.dir/opt/pico-sdk/lib/tinyusb/src/class/cdc/cdc_device.c.obj
                0x0000000010005b28                tud_cdc_n_write
 .text.tud_cdc_n_write_available
                0x0000000010005b5c       0x18 CMakeFiles/blink_w.dir/opt/pico-sdk/lib/tinyusb/src/class/cdc/cdc_device.c.obj
                0x0000000010005b5c                tud_cdc_n_write_available
 .text.cdcd_init
                0x0000000010005b74       0x7c CMakeFiles/blink_w.dir/opt/pico-sdk/lib/tinyusb/src/class/cdc/cdc_device.c.obj
                0x0000000010005b74                cdcd_init
 .text.cdcd_reset
                0x0000000010005bf0       0x2c CMakeFiles/blink_w.dir/opt/pico-sdk/lib/tinyusb/src/class/cdc/cdc_device.c.obj
                0x0000000010005bf0                cdcd_reset
 .text.cdcd_open
                0x0000000010005c1c       0xe8 CMakeFiles/blink_w.dir/opt/pico-sdk/lib/tinyusb/src/class/cdc/cdc_device.c.obj
                0x0000000010005c1c                cdcd_open
 .text.cdcd_control_xfer_cb
                0x0000000010005d04       0xe4 CMakeFiles/blink_w.dir/opt/pico-sdk/lib/tinyusb/src/class/cdc/cdc_device.c.obj
                0x0000000010005d04                cdcd_control_xfer_cb
 .text.cdcd_xfer_cb
                0x0000000010005de8      0x148 CMakeFiles/blink_w.dir/opt/pico-sdk/lib/tinyusb/src/class/cdc/cdc_device.c.obj
                0x0000000010005de8                cdcd_xfer_cb
 .text.tusb_init
                0x0000000010005f30        0xc CMakeFiles/blink_w.dir/opt/pico-sdk/lib/tinyusb/src/tusb.c.obj
                0x0000000010005f30                tusb_init
 .text.tusb_inited
                0x0000000010005f3c        0x8 CMakeFiles/blink_w.dir/opt/pico-sdk/lib/tinyusb/src/tusb.c.obj
                0x0000000010005f3c                tusb_inited
 .text.tu_edpt_claim
                0x0000000010005f44       0x50 CMakeFiles/blink_w.dir/opt/pico-sdk/lib/tinyusb/src/tusb.c.obj
                0x0000000010005f44                tu_edpt_claim
 .text.tu_edpt_release
                0x0000000010005f94       0x38 CMakeFiles/blink_w.dir/opt/pico-sdk/lib/tinyusb/src/tusb.c.obj
                0x0000000010005f94                tu_edpt_release
 .text.tu_edpt_validate
                0x0000000010005fcc       0x78 CMakeFiles/blink_w.dir/opt/pico-sdk/lib/tinyusb/src/tusb.c.obj
                0x0000000010005fcc                tu_edpt_validate
 .text.tu_edpt_bind_driver
                0x0000000010006044       0x34 CMakeFiles/blink_w.dir/opt/pico-sdk/lib/tinyusb/src/tusb.c.obj
                0x0000000010006044                tu_edpt_bind_driver
 .text.tu_fifo_config
                0x0000000010006078       0x70 CMakeFiles/blink_w.dir/opt/pico-sdk/lib/tinyusb/src/common/tusb_fifo.c.obj
                0x0000000010006078                tu_fifo_config
 .text.tu_fifo_count
                0x00000000100060e8       0x2c CMakeFiles/blink_w.dir/opt/pico-sdk/lib/tinyusb/src/common/tusb_fifo.c.obj
                0x00000000100060e8                tu_fifo_count
 .text.tu_fifo_empty
                0x0000000010006114       0x10 CMakeFiles/blink_w.dir/opt/pico-sdk/lib/tinyusb/src/common/tusb_fifo.c.obj
                0x0000000010006114                tu_fifo_empty
 .text.tu_fifo_remaining
                0x0000000010006124       0x2c CMakeFiles/blink_w.dir/opt/pico-sdk/lib/tinyusb/src/common/tusb_fifo.c.obj
                0x0000000010006124                tu_fifo_remaining
 .text.tu_fifo_read
                0x0000000010006150       0xa0 CMakeFiles/blink_w.dir/opt/pico-sdk/lib/tinyusb/src/common/tusb_fifo.c.obj
                0x0000000010006150                tu_fifo_read
 .text.tu_fifo_read_n
                0x00000000100061f0       0xec CMakeFiles/blink_w.dir/opt/pico-sdk/lib/tinyusb/src/common/tusb_fifo.c.obj
                0x00000000100061f0                tu_fifo_read_n
 .text.tu_fifo_write
                0x00000000100062dc       0x88 CMakeFiles/blink_w.dir/opt/pico-sdk/lib/tinyusb/src/common/tusb_fifo.c.obj
                0x00000000100062dc                tu_fifo_write
 .text.tu_fifo_write_n
                0x0000000010006364      0x168 CMakeFiles/blink_w.dir/opt/pico-sdk/lib/tinyusb/src/common/tusb_fifo.c.obj
                0x0000000010006364                tu_fifo_write_n
 .text.tu_fifo_clear
                0x00000000100064cc       0x40 CMakeFiles/blink_w.dir/opt/pico-sdk/lib/tinyusb/src/common/tusb_fifo.c.obj
                0x00000000100064cc                tu_fifo_clear
 .text.tu_fifo_set_overwritable
                0x000000001000650c       0x48 CMakeFiles/blink_w.dir/opt/pico-sdk/lib/tinyusb/src/common/tusb_fifo.c.obj
                0x000000001000650c                tu_fifo_set_overwritable
 .text.cyw43_arch_set_async_context
                0x0000000010006554        0xc CMakeFiles/blink_w.dir/opt/pico-sdk/src/rp2_common/pico_cyw43_arch/cyw43_arch.c.obj
                0x0000000010006554                cyw43_arch_set_async_context
 .text.cyw43_arch_gpio_put
                0x0000000010006560       0x14 CMakeFiles/blink_w.dir/opt/pico-sdk/src/rp2_common/pico_cyw43_arch/cyw43_arch.c.obj
                0x0000000010006560                cyw43_arch_gpio_put
 .text.cyw43_arch_async_context
                0x0000000010006574        0xc CMakeFiles/blink_w.dir/opt/pico-sdk/src/rp2_common/pico_cyw43_arch/cyw43_arch.c.obj
                0x0000000010006574                cyw43_arch_async_context
 .text.cyw43_arch_init
                0x0000000010006580       0x6c CMakeFiles/blink_w.dir/opt/pico-sdk/src/rp2_common/pico_cyw43_arch/cyw43_arch_threadsafe_background.c.obj
                0x0000000010006580                cyw43_arch_init
 .text.ns_delay.constprop.0
                0x00000000100065ec       0x20 CMakeFiles/blink_w.dir/opt/pico-sdk/src/rp2_common/pico_cyw43_driver/cyw43_bus_pio_spi.c.obj
 .text.cyw43_spi_deinit
                0x000000001000660c       0x7c CMakeFiles/blink_w.dir/opt/pico-sdk/src/rp2_common/pico_cyw43_driver/cyw43_bus_pio_spi.c.obj
                0x000000001000660c                cyw43_spi_deinit
 .text.cyw43_spi_init
                0x0000000010006688      0x154 CMakeFiles/blink_w.dir/opt/pico-sdk/src/rp2_common/pico_cyw43_driver/cyw43_bus_pio_spi.c.obj
                0x0000000010006688                cyw43_spi_init
 .text.cyw43_spi_transfer
                0x00000000100067dc      0x430 CMakeFiles/blink_w.dir/opt/pico-sdk/src/rp2_common/pico_cyw43_driver/cyw43_bus_pio_spi.c.obj
                0x00000000100067dc                cyw43_spi_transfer
 .text.cyw43_spi_gpio_setup
                0x0000000010006c0c       0x3c CMakeFiles/blink_w.dir/opt/pico-sdk/src/rp2_common/pico_cyw43_driver/cyw43_bus_pio_spi.c.obj
                0x0000000010006c0c                cyw43_spi_gpio_setup
 .text.cyw43_spi_reset
                0x0000000010006c48       0x28 CMakeFiles/blink_w.dir/opt/pico-sdk/src/rp2_common/pico_cyw43_driver/cyw43_bus_pio_spi.c.obj
                0x0000000010006c48                cyw43_spi_reset
 .text.read_reg_u32_swap
                0x0000000010006c70       0x3c CMakeFiles/blink_w.dir/opt/pico-sdk/src/rp2_common/pico_cyw43_driver/cyw43_bus_pio_spi.c.obj
                0x0000000010006c70                read_reg_u32_swap
 .text.cyw43_read_reg_u32
                0x0000000010006cac       0x6c CMakeFiles/blink_w.dir/opt/pico-sdk/src/rp2_common/pico_cyw43_driver/cyw43_bus_pio_spi.c.obj
                0x0000000010006cac                cyw43_read_reg_u32
 .text.cyw43_read_reg_u16
                0x0000000010006d18       0x6c CMakeFiles/blink_w.dir/opt/pico-sdk/src/rp2_common/pico_cyw43_driver/cyw43_bus_pio_spi.c.obj
                0x0000000010006d18                cyw43_read_reg_u16
 .text.cyw43_read_reg_u8
                0x0000000010006d84       0x6c CMakeFiles/blink_w.dir/opt/pico-sdk/src/rp2_common/pico_cyw43_driver/cyw43_bus_pio_spi.c.obj
                0x0000000010006d84                cyw43_read_reg_u8
 .text.write_reg_u32_swap
                0x0000000010006df0      0x1e0 CMakeFiles/blink_w.dir/opt/pico-sdk/src/rp2_common/pico_cyw43_driver/cyw43_bus_pio_spi.c.obj
                0x0000000010006df0                write_reg_u32_swap
 .text.cyw43_write_reg_u32
                0x0000000010006fd0      0x200 CMakeFiles/blink_w.dir/opt/pico-sdk/src/rp2_common/pico_cyw43_driver/cyw43_bus_pio_spi.c.obj
                0x0000000010006fd0                cyw43_write_reg_u32
 .text.cyw43_write_reg_u16
                0x00000000100071d0      0x200 CMakeFiles/blink_w.dir/opt/pico-sdk/src/rp2_common/pico_cyw43_driver/cyw43_bus_pio_spi.c.obj
                0x00000000100071d0                cyw43_write_reg_u16
 .text.cyw43_write_reg_u8
                0x00000000100073d0      0x200 CMakeFiles/blink_w.dir/opt/pico-sdk/src/rp2_common/pico_cyw43_driver/cyw43_bus_pio_spi.c.obj
                0x00000000100073d0                cyw43_write_reg_u8
 .text.cyw43_read_bytes
                0x00000000100075d0       0x78 CMakeFiles/blink_w.dir/opt/pico-sdk/src/rp2_common/pico_cyw43_driver/cyw43_bus_pio_spi.c.obj
                0x00000000100075d0                cyw43_read_bytes
 .text.cyw43_write_bytes
                0x0000000010007648       0xec CMakeFiles/blink_w.dir/opt/pico-sdk/src/rp2_common/pico_cyw43_driver/cyw43_bus_pio_spi.c.obj
                0x0000000010007648                cyw43_write_bytes
 .text.cyw43_set_backplane_window
                0x0000000010007734       0x64 CMakeFiles/blink_w.dir/opt/pico-sdk/lib/cyw43-driver/src/cyw43_ll.c.obj
 .text.cyw43_ll_parse_async_event
                0x0000000010007798      0x13c CMakeFiles/blink_w.dir/opt/pico-sdk/lib/cyw43-driver/src/cyw43_ll.c.obj
 .text.cyw43_kso_set
                0x00000000100078d4       0xa0 CMakeFiles/blink_w.dir/opt/pico-sdk/lib/cyw43-driver/src/cyw43_ll.c.obj
 .text.cyw43_ll_sdpcm_poll_device
                0x0000000010007974      0x238 CMakeFiles/blink_w.dir/opt/pico-sdk/lib/cyw43-driver/src/cyw43_ll.c.obj
 .text.cyw43_sdpcm_send_common
                0x0000000010007bac       0xf0 CMakeFiles/blink_w.dir/opt/pico-sdk/lib/cyw43-driver/src/cyw43_ll.c.obj
 .text.cyw43_do_ioctl
                0x0000000010007c9c      0x110 CMakeFiles/blink_w.dir/opt/pico-sdk/lib/cyw43-driver/src/cyw43_ll.c.obj
 .text.cyw43_do_ioctl.constprop.0
                0x0000000010007dac      0x108 CMakeFiles/blink_w.dir/opt/pico-sdk/lib/cyw43-driver/src/cyw43_ll.c.obj
 .text.cyw43_read_backplane.constprop.0
                0x0000000010007eb4       0xdc CMakeFiles/blink_w.dir/opt/pico-sdk/lib/cyw43-driver/src/cyw43_ll.c.obj
 .text.reset_device_core.constprop.0
                0x0000000010007f90      0x3f0 CMakeFiles/blink_w.dir/opt/pico-sdk/lib/cyw43-driver/src/cyw43_ll.c.obj
 .text.cyw43_ll_init
                0x0000000010008380       0x1c CMakeFiles/blink_w.dir/opt/pico-sdk/lib/cyw43-driver/src/cyw43_ll.c.obj
                0x0000000010008380                cyw43_ll_init
 .text.cyw43_ll_deinit
                0x000000001000839c        0x8 CMakeFiles/blink_w.dir/opt/pico-sdk/lib/cyw43-driver/src/cyw43_ll.c.obj
                0x000000001000839c                cyw43_ll_deinit
 .text.cyw43_ll_process_packets
                0x00000000100083a4       0x54 CMakeFiles/blink_w.dir/opt/pico-sdk/lib/cyw43-driver/src/cyw43_ll.c.obj
                0x00000000100083a4                cyw43_ll_process_packets
 .text.cyw43_ll_ioctl
                0x00000000100083f8       0x20 CMakeFiles/blink_w.dir/opt/pico-sdk/lib/cyw43-driver/src/cyw43_ll.c.obj
                0x00000000100083f8                cyw43_ll_ioctl
 .text.cyw43_ll_bus_sleep
                0x0000000010008418       0x34 CMakeFiles/blink_w.dir/opt/pico-sdk/lib/cyw43-driver/src/cyw43_ll.c.obj
                0x0000000010008418                cyw43_ll_bus_sleep
 .text.cyw43_ll_bus_init
                0x000000001000844c      0xbf0 CMakeFiles/blink_w.dir/opt/pico-sdk/lib/cyw43-driver/src/cyw43_ll.c.obj
                0x000000001000844c                cyw43_ll_bus_init
 .text.cyw43_ll_wifi_get_mac
                0x000000001000903c       0x44 CMakeFiles/blink_w.dir/opt/pico-sdk/lib/cyw43-driver/src/cyw43_ll.c.obj
                0x000000001000903c                cyw43_ll_wifi_get_mac
 .text.cyw43_ll_wifi_set_wpa_auth
                0x0000000010009080       0x2c CMakeFiles/blink_w.dir/opt/pico-sdk/lib/cyw43-driver/src/cyw43_ll.c.obj
                0x0000000010009080                cyw43_ll_wifi_set_wpa_auth
 .text.cyw43_ll_wifi_rejoin
                0x00000000100090ac       0x1c CMakeFiles/blink_w.dir/opt/pico-sdk/lib/cyw43-driver/src/cyw43_ll.c.obj
                0x00000000100090ac                cyw43_ll_wifi_rejoin
 .text.cyw43_ll_gpio_set
                0x00000000100090c8       0x6c CMakeFiles/blink_w.dir/opt/pico-sdk/lib/cyw43-driver/src/cyw43_ll.c.obj
                0x00000000100090c8                cyw43_ll_gpio_set
 .text.cyw43_ll_has_work
                0x0000000010009134       0x14 CMakeFiles/blink_w.dir/opt/pico-sdk/lib/cyw43-driver/src/cyw43_ll.c.obj
                0x0000000010009134                cyw43_ll_has_work
 .text.cyw43_poll_func
                0x0000000010009148       0xc0 CMakeFiles/blink_w.dir/opt/pico-sdk/lib/cyw43-driver/src/cyw43_ctrl.c.obj
 .text.cyw43_init
                0x0000000010009208       0x6c CMakeFiles/blink_w.dir/opt/pico-sdk/lib/cyw43-driver/src/cyw43_ctrl.c.obj
                0x0000000010009208                cyw43_init
 .text.cyw43_deinit
                0x0000000010009274       0x90 CMakeFiles/blink_w.dir/opt/pico-sdk/lib/cyw43-driver/src/cyw43_ctrl.c.obj
                0x0000000010009274                cyw43_deinit
 .text.cyw43_cb_read_host_interrupt_pin
                0x0000000010009304        0xc CMakeFiles/blink_w.dir/opt/pico-sdk/lib/cyw43-driver/src/cyw43_ctrl.c.obj
                0x0000000010009304                cyw43_cb_read_host_interrupt_pin
 .text.cyw43_cb_ensure_awake
                0x0000000010009310        0xc CMakeFiles/blink_w.dir/opt/pico-sdk/lib/cyw43-driver/src/cyw43_ctrl.c.obj
                0x0000000010009310                cyw43_cb_ensure_awake
 .text.cyw43_cb_process_async_event
                0x000000001000931c      0x228 CMakeFiles/blink_w.dir/opt/pico-sdk/lib/cyw43-driver/src/cyw43_ctrl.c.obj
                0x000000001000931c                cyw43_cb_process_async_event
 .text.cyw43_gpio_set
                0x0000000010009544       0xa0 CMakeFiles/blink_w.dir/opt/pico-sdk/lib/cyw43-driver/src/cyw43_ctrl.c.obj
                0x0000000010009544                cyw43_gpio_set
 .text.pio_sm_unclaim
                0x00000000100095e4       0x20 CMakeFiles/blink_w.dir/opt/pico-sdk/src/rp2_common/hardware_pio/pio.c.obj
                0x00000000100095e4                pio_sm_unclaim
 .text.pio_claim_unused_sm
                0x0000000010009604       0x3c CMakeFiles/blink_w.dir/opt/pico-sdk/src/rp2_common/hardware_pio/pio.c.obj
                0x0000000010009604                pio_claim_unused_sm
 .text.pio_can_add_program
                0x0000000010009640       0x68 CMakeFiles/blink_w.dir/opt/pico-sdk/src/rp2_common/hardware_pio/pio.c.obj
                0x0000000010009640                pio_can_add_program
 .text.pio_add_program
                0x00000000100096a8       0xc8 CMakeFiles/blink_w.dir/opt/pico-sdk/src/rp2_common/hardware_pio/pio.c.obj
                0x00000000100096a8                pio_add_program
 .text.pio_remove_program
                0x0000000010009770       0x34 CMakeFiles/blink_w.dir/opt/pico-sdk/src/rp2_common/hardware_pio/pio.c.obj
                0x0000000010009770                pio_remove_program
 .text.pio_sm_set_pindirs_with_mask
                0x00000000100097a4       0xa4 CMakeFiles/blink_w.dir/opt/pico-sdk/src/rp2_common/hardware_pio/pio.c.obj
                0x00000000100097a4                pio_sm_set_pindirs_with_mask
 .text.pio_sm_set_consecutive_pindirs
                0x0000000010009848       0xb0 CMakeFiles/blink_w.dir/opt/pico-sdk/src/rp2_common/hardware_pio/pio.c.obj
                0x0000000010009848                pio_sm_set_consecutive_pindirs
 .text.dma_channel_unclaim
                0x00000000100098f8       0x10 CMakeFiles/blink_w.dir/opt/pico-sdk/src/rp2_common/hardware_dma/dma.c.obj
                0x00000000100098f8                dma_channel_unclaim
 .text.dma_claim_unused_channel
                0x0000000010009908       0x20 CMakeFiles/blink_w.dir/opt/pico-sdk/src/rp2_common/hardware_dma/dma.c.obj
                0x0000000010009908                dma_claim_unused_channel
 .text.dma_channel_cleanup
                0x0000000010009928       0x60 CMakeFiles/blink_w.dir/opt/pico-sdk/src/rp2_common/hardware_dma/dma.c.obj
                0x0000000010009928                dma_channel_cleanup
 .text.cyw43_sleep_timeout_reached
                0x0000000010009988       0x10 CMakeFiles/blink_w.dir/opt/pico-sdk/src/rp2_common/pico_cyw43_driver/cyw43_driver.c.obj
 .text.cyw43_irq_init
                0x0000000010009998       0x28 CMakeFiles/blink_w.dir/opt/pico-sdk/src/rp2_common/pico_cyw43_driver/cyw43_driver.c.obj
                0x0000000010009998                cyw43_irq_init
 .text.cyw43_irq_deinit
                0x00000000100099c0       0x20 CMakeFiles/blink_w.dir/opt/pico-sdk/src/rp2_common/pico_cyw43_driver/cyw43_driver.c.obj
                0x00000000100099c0                cyw43_irq_deinit
 .text.cyw43_gpio_irq_handler
                0x00000000100099e0       0x44 CMakeFiles/blink_w.dir/opt/pico-sdk/src/rp2_common/pico_cyw43_driver/cyw43_driver.c.obj
 .text.cyw43_do_poll
                0x0000000010009a24       0x6c CMakeFiles/blink_w.dir/opt/pico-sdk/src/rp2_common/pico_cyw43_driver/cyw43_driver.c.obj
 .text.cyw43_post_poll_hook
                0x0000000010009a90       0x10 CMakeFiles/blink_w.dir/opt/pico-sdk/src/rp2_common/pico_cyw43_driver/cyw43_driver.c.obj
                0x0000000010009a90                cyw43_post_poll_hook
 .text.cyw43_schedule_internal_poll_dispatch
                0x0000000010009aa0       0x18 CMakeFiles/blink_w.dir/opt/pico-sdk/src/rp2_common/pico_cyw43_driver/cyw43_driver.c.obj
                0x0000000010009aa0                cyw43_schedule_internal_poll_dispatch
 .text.cyw43_driver_init
                0x0000000010009ab8       0x38 CMakeFiles/blink_w.dir/opt/pico-sdk/src/rp2_common/pico_cyw43_driver/cyw43_driver.c.obj
                0x0000000010009ab8                cyw43_driver_init
 .text.cyw43_driver_deinit
                0x0000000010009af0       0x44 CMakeFiles/blink_w.dir/opt/pico-sdk/src/rp2_common/pico_cyw43_driver/cyw43_driver.c.obj
                0x0000000010009af0                cyw43_driver_deinit
 .text.cyw43_hal_generate_laa_mac
                0x0000000010009b34       0x28 CMakeFiles/blink_w.dir/opt/pico-sdk/src/rp2_common/pico_cyw43_driver/cyw43_driver.c.obj
                0x0000000010009b34                cyw43_hal_generate_laa_mac
 .text.cyw43_thread_enter
                0x0000000010009b5c       0x14 CMakeFiles/blink_w.dir/opt/pico-sdk/src/rp2_common/pico_cyw43_driver/cyw43_driver.c.obj
                0x0000000010009b5c                cyw43_thread_enter
 .text.cyw43_thread_exit
                0x0000000010009b70       0x14 CMakeFiles/blink_w.dir/opt/pico-sdk/src/rp2_common/pico_cyw43_driver/cyw43_driver.c.obj
                0x0000000010009b70                cyw43_thread_exit
 .text.cyw43_await_background_or_timeout_us
                0x0000000010009b84       0x34 CMakeFiles/blink_w.dir/opt/pico-sdk/src/rp2_common/pico_cyw43_driver/cyw43_driver.c.obj
                0x0000000010009b84                cyw43_await_background_or_timeout_us
 .text.cyw43_delay_ms
                0x0000000010009bb8       0x44 CMakeFiles/blink_w.dir/opt/pico-sdk/src/rp2_common/pico_cyw43_driver/cyw43_driver.c.obj
                0x0000000010009bb8                cyw43_delay_ms
 .text.cyw43_cb_tcpip_deinit
                0x0000000010009bfc        0x4 CMakeFiles/blink_w.dir/opt/pico-sdk/src/rp2_common/pico_cyw43_driver/cyw43_driver.c.obj
                0x0000000010009bfc                cyw43_cb_tcpip_deinit
 .text.cyw43_cb_tcpip_set_link_up
                0x0000000010009c00        0xc CMakeFiles/blink_w.dir/opt/pico-sdk/src/rp2_common/pico_cyw43_driver/cyw43_driver.c.obj
                0x0000000010009c00                cyw43_cb_tcpip_set_link_up
 .text.cyw43_cb_tcpip_set_link_down
                0x0000000010009c0c        0xc CMakeFiles/blink_w.dir/opt/pico-sdk/src/rp2_common/pico_cyw43_driver/cyw43_driver.c.obj
                0x0000000010009c0c                cyw43_cb_tcpip_set_link_down
 .text.cyw43_cb_process_ethernet
                0x0000000010009c18        0xc CMakeFiles/blink_w.dir/opt/pico-sdk/src/rp2_common/pico_cyw43_driver/cyw43_driver.c.obj
                0x0000000010009c18                cyw43_cb_process_ethernet
 .text.async_context_threadsafe_background_acquire_lock_blocking
                0x0000000010009c24        0xc CMakeFiles/blink_w.dir/opt/pico-sdk/src/rp2_common/pico_async_context/async_context_threadsafe_background.c.obj
 .text.alarm_handler
                0x0000000010009c30       0x20 CMakeFiles/blink_w.dir/opt/pico-sdk/src/rp2_common/pico_async_context/async_context_threadsafe_background.c.obj
 .text.async_context_threadsafe_background_set_work_pending
                0x0000000010009c50       0x1c CMakeFiles/blink_w.dir/opt/pico-sdk/src/rp2_common/pico_async_context/async_context_threadsafe_background.c.obj
 .text.process_under_lock
                0x0000000010009c6c       0xc8 CMakeFiles/blink_w.dir/opt/pico-sdk/src/rp2_common/pico_async_context/async_context_threadsafe_background.c.obj
 .text.async_context_threadsafe_background_execute_sync
                0x0000000010009d34       0x30 CMakeFiles/blink_w.dir/opt/pico-sdk/src/rp2_common/pico_async_context/async_context_threadsafe_background.c.obj
                0x0000000010009d34                async_context_threadsafe_background_execute_sync
 .text.async_context_threadsafe_background_deinit
                0x0000000010009d64       0x54 CMakeFiles/blink_w.dir/opt/pico-sdk/src/rp2_common/pico_async_context/async_context_threadsafe_background.c.obj
 .text.low_priority_irq_handler
                0x0000000010009db8       0x3c CMakeFiles/blink_w.dir/opt/pico-sdk/src/rp2_common/pico_async_context/async_context_threadsafe_background.c.obj
 .text.async_context_threadsafe_background_wait_for_work_until
                0x0000000010009df4        0xc CMakeFiles/blink_w.dir/opt/pico-sdk/src/rp2_common/pico_async_context/async_context_threadsafe_background.c.obj
 .text.async_context_threadsafe_background_wait_until
                0x0000000010009e00       0x1c CMakeFiles/blink_w.dir/opt/pico-sdk/src/rp2_common/pico_async_context/async_context_threadsafe_background.c.obj
 .text.async_context_threadsafe_background_lock_check
                0x0000000010009e1c       0x28 CMakeFiles/blink_w.dir/opt/pico-sdk/src/rp2_common/pico_async_context/async_context_threadsafe_background.c.obj
 .text.async_context_threadsafe_background_release_lock
                0x0000000010009e44       0x1c CMakeFiles/blink_w.dir/opt/pico-sdk/src/rp2_common/pico_async_context/async_context_threadsafe_background.c.obj
 .text.async_context_threadsafe_background_when_pending_worker
                0x0000000010009e60       0x34 CMakeFiles/blink_w.dir/opt/pico-sdk/src/rp2_common/pico_async_context/async_context_threadsafe_background.c.obj
 .text.async_context_threadsafe_background_remove_at_time_worker
                0x0000000010009e94       0x34 CMakeFiles/blink_w.dir/opt/pico-sdk/src/rp2_common/pico_async_context/async_context_threadsafe_background.c.obj
 .text.async_context_threadsafe_background_add_when_pending_worker
                0x0000000010009ec8       0x34 CMakeFiles/blink_w.dir/opt/pico-sdk/src/rp2_common/pico_async_context/async_context_threadsafe_background.c.obj
 .text.async_context_threadsafe_background_add_at_time_worker
                0x0000000010009efc       0x34 CMakeFiles/blink_w.dir/opt/pico-sdk/src/rp2_common/pico_async_context/async_context_threadsafe_background.c.obj
 .text.async_context_threadsafe_background_default_config
                0x0000000010009f30        0xc CMakeFiles/blink_w.dir/opt/pico-sdk/src/rp2_common/pico_async_context/async_context_threadsafe_background.c.obj
                0x0000000010009f30                async_context_threadsafe_background_default_config
 .text.async_context_threadsafe_background_init
                0x0000000010009f3c       0x8c CMakeFiles/blink_w.dir/opt/pico-sdk/src/rp2_common/pico_async_context/async_context_threadsafe_background.c.obj
                0x0000000010009f3c                async_context_threadsafe_background_init
 .text.async_context_base_add_at_time_worker
                0x0000000010009fc8       0x28 CMakeFiles/blink_w.dir/opt/pico-sdk/src/rp2_common/pico_async_context/async_context_base.c.obj
                0x0000000010009fc8                async_context_base_add_at_time_worker
 .text.async_context_base_remove_at_time_worker
                0x0000000010009ff0       0x28 CMakeFiles/blink_w.dir/opt/pico-sdk/src/rp2_common/pico_async_context/async_context_base.c.obj
                0x0000000010009ff0                async_context_base_remove_at_time_worker
 .text.async_context_base_add_when_pending_worker
                0x000000001000a018       0x24 CMakeFiles/blink_w.dir/opt/pico-sdk/src/rp2_common/pico_async_context/async_context_base.c.obj
                0x000000001000a018                async_context_base_add_when_pending_worker
 .text.async_context_base_remove_when_pending_worker
                0x000000001000a03c       0x28 CMakeFiles/blink_w.dir/opt/pico-sdk/src/rp2_common/pico_async_context/async_context_base.c.obj
                0x000000001000a03c                async_context_base_remove_when_pending_worker
 .text.async_context_base_execute_once
                0x000000001000a064       0xe8 CMakeFiles/blink_w.dir/opt/pico-sdk/src/rp2_common/pico_async_context/async_context_base.c.obj
                0x000000001000a064                async_context_base_execute_once
 .text          0x000000001000a14c       0x5c /usr/lib/gcc/arm-none-eabi/10.3.1/../../../arm-none-eabi/lib/thumb/v6-m/nofp/libc.a(lib_a-strlen-stub.o)
                0x000000001000a14c                strlen
 .text          0x000000001000a1a8       0x74 /usr/lib/gcc/arm-none-eabi/10.3.1/../../../arm-none-eabi/lib/thumb/v6-m/nofp/libc.a(lib_a-strncmp.o)
                0x000000001000a1a8                strncmp
 *(.fini)
 .fini          0x000000001000a21c        0x4 /usr/lib/gcc/arm-none-eabi/10.3.1/thumb/v6-m/nofp/crti.o
                0x000000001000a21c                _fini
 .fini.__stub   0x000000001000a220      0x130 linker stubs
 *crtbegin.o(.ctors)
 *crtbegin?.o(.ctors)
 *(EXCLUDE_FILE(*crtend.o *crtend?.o) .ctors)
 *(SORT_BY_NAME(.ctors.*))
 *(.ctors)
 *crtbegin.o(.dtors)
 *crtbegin?.o(.dtors)
 *(EXCLUDE_FILE(*crtend.o *crtend?.o) .dtors)
 *(SORT_BY_NAME(.dtors.*))
 *(.dtors)
 *(.eh_frame*)
 .eh_frame      0x000000001000a350        0x0 /usr/lib/gcc/arm-none-eabi/10.3.1/thumb/v6-m/nofp/crtbegin.o
                0x000000001000a350                . = ALIGN (0x4)

.glue_7         0x000000001000a350        0x0
 .glue_7        0x000000001000a350        0x0 linker stubs

.glue_7t        0x000000001000a350        0x0
 .glue_7t       0x000000001000a350        0x0 linker stubs

.vfp11_veneer   0x000000001000a350        0x0
 .vfp11_veneer  0x000000001000a350        0x0 linker stubs

.v4_bx          0x000000001000a350        0x0
 .v4_bx         0x000000001000a350        0x0 linker stubs

.iplt           0x000000001000a350        0x0
 .iplt          0x000000001000a350        0x0 /usr/lib/gcc/arm-none-eabi/10.3.1/thumb/v6-m/nofp/crtbegin.o

.rodata         0x000000001000a350    0x37dc0
 *(EXCLUDE_FILE(*libm.a: *libc.a:*lib_a-mem*.o *libgcc.a:) .rodata*)
 .rodata.main.str1.4
                0x000000001000a350       0x12 CMakeFiles/blink_w.dir/src/main.cpp.obj
 *fill*         0x000000001000a362        0x2 
 .rodata.spin_lock_claim_unused.str1.4
                0x000000001000a364       0x1b CMakeFiles/blink_w.dir/opt/pico-sdk/src/rp2_common/hardware_sync/sync.c.obj
 *fill*         0x000000001000a37f        0x1 
 .rodata.user_irq_claim_unused.str1.4
                0x000000001000a380       0x1b CMakeFiles/blink_w.dir/opt/pico-sdk/src/rp2_common/hardware_irq/irq.c.obj
 *fill*         0x000000001000a39b        0x5 
 .rodata.at_the_end_of_time
                0x000000001000a3a0        0x8 CMakeFiles/blink_w.dir/opt/pico-sdk/src/common/pico_time/time.c.obj
                0x000000001000a3a0                at_the_end_of_time
 .rodata.hardware_alarm_claim.str1.4
                0x000000001000a3a8       0x22 CMakeFiles/blink_w.dir/opt/pico-sdk/src/rp2_common/hardware_timer/timer.c.obj
 *fill*         0x000000001000a3ca        0x2 
 .rodata.panic.str1.4
                0x000000001000a3cc       0x10 CMakeFiles/blink_w.dir/opt/pico-sdk/src/rp2_common/pico_runtime/runtime.c.obj
                                         0x12 (size before relaxing)
 .rodata.hard_assertion_failure.str1.4
                0x000000001000a3dc        0xc CMakeFiles/blink_w.dir/opt/pico-sdk/src/rp2_common/pico_runtime/runtime.c.obj
 .rodata._ftoa.str1.4
                0x000000001000a3e8       0x15 CMakeFiles/blink_w.dir/opt/pico-sdk/src/rp2_common/pico_printf/printf.c.obj
 *fill*         0x000000001000a3fd        0x3 
 .rodata._vsnprintf
                0x000000001000a400      0x1e0 CMakeFiles/blink_w.dir/opt/pico-sdk/src/rp2_common/pico_printf/printf.c.obj
 .rodata.pow10.0
                0x000000001000a5e0       0x50 CMakeFiles/blink_w.dir/opt/pico-sdk/src/rp2_common/pico_printf/printf.c.obj
 .rodata.missing_double_func_shim.str1.4
                0x000000001000a630       0x18 CMakeFiles/blink_w.dir/opt/pico-sdk/src/rp2_common/pico_double/double_init_rom.c.obj
 .rodata.missing_float_func_shim.str1.4
                0x000000001000a648       0x18 CMakeFiles/blink_w.dir/opt/pico-sdk/src/rp2_common/pico_float/float_init_rom.c.obj
                                          0x1 (size before relaxing)
 .rodata.str1.4
                0x000000001000a648       0x3c CMakeFiles/blink_w.dir/opt/pico-sdk/src/rp2_common/pico_standard_link/binary_info.c.obj
 .rodata.__bi_44
                0x000000001000a684        0xc CMakeFiles/blink_w.dir/opt/pico-sdk/src/rp2_common/pico_standard_link/binary_info.c.obj
 .rodata.__bi_75
                0x000000001000a690        0xc CMakeFiles/blink_w.dir/opt/pico-sdk/src/rp2_common/pico_standard_link/binary_info.c.obj
 .rodata.__bi_81
                0x000000001000a69c        0xc CMakeFiles/blink_w.dir/opt/pico-sdk/src/rp2_common/pico_standard_link/binary_info.c.obj
 .rodata.crlf_str.0
                0x000000001000a6a8        0x2 CMakeFiles/blink_w.dir/opt/pico-sdk/src/rp2_common/pico_stdio/stdio.c.obj
 *fill*         0x000000001000a6aa        0x2 
 .rodata._resetd_driver
                0x000000001000a6ac       0x18 CMakeFiles/blink_w.dir/opt/pico-sdk/src/rp2_common/pico_stdio_usb/reset_interface.c.obj
 .rodata.str1.4
                0x000000001000a6c4       0x13 CMakeFiles/blink_w.dir/opt/pico-sdk/src/rp2_common/pico_stdio_usb/stdio_usb.c.obj
 *fill*         0x000000001000a6d7        0x1 
 .rodata.__bi_182.0
                0x000000001000a6d8        0xc CMakeFiles/blink_w.dir/opt/pico-sdk/src/rp2_common/pico_stdio_usb/stdio_usb.c.obj
 .rodata.str1.4
                0x000000001000a6e4       0x2a CMakeFiles/blink_w.dir/opt/pico-sdk/src/rp2_common/pico_stdio_usb/stdio_usb_descriptors.c.obj
 *fill*         0x000000001000a70e        0x2 
 .rodata.usbd_desc_cfg
                0x000000001000a710       0x54 CMakeFiles/blink_w.dir/opt/pico-sdk/src/rp2_common/pico_stdio_usb/stdio_usb_descriptors.c.obj
 .rodata.usbd_desc_device
                0x000000001000a764       0x12 CMakeFiles/blink_w.dir/opt/pico-sdk/src/rp2_common/pico_stdio_usb/stdio_usb_descriptors.c.obj
 *fill*         0x000000001000a776        0x2 
 .rodata.usbd_desc_str
                0x000000001000a778       0x18 CMakeFiles/blink_w.dir/opt/pico-sdk/src/rp2_common/pico_stdio_usb/stdio_usb_descriptors.c.obj
 .rodata.str1.4
                0x000000001000a790       0x14 CMakeFiles/blink_w.dir/opt/pico-sdk/lib/tinyusb/src/portable/raspberrypi/rp2040/dcd_rp2040.c.obj
 .rodata.str1.4
                0x000000001000a7a4       0x4f CMakeFiles/blink_w.dir/opt/pico-sdk/lib/tinyusb/src/portable/raspberrypi/rp2040/rp2040_usb.c.obj
                                         0x53 (size before relaxing)
 *fill*         0x000000001000a7f3        0x1 
 .rodata.tud_task_ext
                0x000000001000a7f4       0x8c CMakeFiles/blink_w.dir/opt/pico-sdk/lib/tinyusb/src/device/usbd.c.obj
 .rodata._usbd_driver
                0x000000001000a880       0x18 CMakeFiles/blink_w.dir/opt/pico-sdk/lib/tinyusb/src/device/usbd.c.obj
 .rodata.cyw43_read_bytes.str1.4
                0x000000001000a898       0x1a CMakeFiles/blink_w.dir/opt/pico-sdk/src/rp2_common/pico_cyw43_driver/cyw43_bus_pio_spi.c.obj
 .rodata.cyw43_write_bytes.str1.4
                0x000000001000a8b2       0x1a CMakeFiles/blink_w.dir/opt/pico-sdk/src/rp2_common/pico_cyw43_driver/cyw43_bus_pio_spi.c.obj
                                          0xd (size before relaxing)
 *fill*         0x000000001000a8b2        0x2 
 .rodata.spi_gap01_sample0_program
                0x000000001000a8b4        0x6 CMakeFiles/blink_w.dir/opt/pico-sdk/src/rp2_common/pico_cyw43_driver/cyw43_bus_pio_spi.c.obj
 *fill*         0x000000001000a8ba        0x2 
 .rodata.spi_gap01_sample0_program_instructions
                0x000000001000a8bc        0xc CMakeFiles/blink_w.dir/opt/pico-sdk/src/rp2_common/pico_cyw43_driver/cyw43_bus_pio_spi.c.obj
 .rodata.cyw43_kso_set.str1.4
                0x000000001000a8c8       0x23 CMakeFiles/blink_w.dir/opt/pico-sdk/lib/cyw43-driver/src/cyw43_ll.c.obj
 *fill*         0x000000001000a8eb        0x1 
 .rodata.cyw43_ll_sdpcm_poll_device.str1.4
                0x000000001000a8ec       0x55 CMakeFiles/blink_w.dir/opt/pico-sdk/lib/cyw43-driver/src/cyw43_ll.c.obj
 *fill*         0x000000001000a941        0x3 
 .rodata.cyw43_sdpcm_send_common.str1.4
                0x000000001000a944       0x22 CMakeFiles/blink_w.dir/opt/pico-sdk/lib/cyw43-driver/src/cyw43_ll.c.obj
 *fill*         0x000000001000a966        0x2 
 .rodata.cyw43_do_ioctl.str1.4
                0x000000001000a968       0x53 CMakeFiles/blink_w.dir/opt/pico-sdk/lib/cyw43-driver/src/cyw43_ll.c.obj
 *fill*         0x000000001000a9bb        0x1 
 .rodata.reset_device_core.constprop.0.str1.4
                0x000000001000a9bc       0x1a CMakeFiles/blink_w.dir/opt/pico-sdk/lib/cyw43-driver/src/cyw43_ll.c.obj
 *fill*         0x000000001000a9d6        0x2 
 .rodata.cyw43_ll_bus_init.str1.4
                0x000000001000a9d8       0xfe CMakeFiles/blink_w.dir/opt/pico-sdk/lib/cyw43-driver/src/cyw43_ll.c.obj
 *fill*         0x000000001000aad6        0x2 
 .rodata.cyw43_ll_gpio_set.str1.4
                0x000000001000aad8        0x8 CMakeFiles/blink_w.dir/opt/pico-sdk/lib/cyw43-driver/src/cyw43_ll.c.obj
 .rodata        0x000000001000aae0       0x72 CMakeFiles/blink_w.dir/opt/pico-sdk/lib/cyw43-driver/src/cyw43_ll.c.obj
 *fill*         0x000000001000ab52        0x2 
 .rodata.w43439A0_7_95_49_00_combined
                0x000000001000ab54    0x36fd8 CMakeFiles/blink_w.dir/opt/pico-sdk/lib/cyw43-driver/src/cyw43_ll.c.obj
 .rodata.wifi_nvram_4343
                0x0000000010041b2c      0x2e7 CMakeFiles/blink_w.dir/opt/pico-sdk/lib/cyw43-driver/src/cyw43_ll.c.obj
 *fill*         0x0000000010041e13        0x1 
 .rodata.cyw43_cb_process_async_event.str1.4
                0x0000000010041e14       0x28 CMakeFiles/blink_w.dir/opt/pico-sdk/lib/cyw43-driver/src/cyw43_ctrl.c.obj
 .rodata.str1.4
                0x0000000010041e3c       0x9e CMakeFiles/blink_w.dir/opt/pico-sdk/lib/cyw43-driver/src/cyw43_ctrl.c.obj
 *fill*         0x0000000010041eda        0x2 
 .rodata.cyw43_async_event_name_table
                0x0000000010041edc      0x164 CMakeFiles/blink_w.dir/opt/pico-sdk/lib/cyw43-driver/src/cyw43_ctrl.c.obj
 .rodata.pio_claim_unused_sm.str1.4
                0x0000000010042040       0x24 CMakeFiles/blink_w.dir/opt/pico-sdk/src/rp2_common/hardware_pio/pio.c.obj
 .rodata.pio_add_program.str1.4
                0x0000000010042064       0x11 CMakeFiles/blink_w.dir/opt/pico-sdk/src/rp2_common/hardware_pio/pio.c.obj
 *fill*         0x0000000010042075        0x3 
 .rodata.dma_claim_unused_channel.str1.4
                0x0000000010042078       0x1e CMakeFiles/blink_w.dir/opt/pico-sdk/src/rp2_common/hardware_dma/dma.c.obj
 *fill*         0x0000000010042096        0x2 
 .rodata.cyw43_cb_tcpip_set_link_up.str1.4
                0x0000000010042098       0x20 CMakeFiles/blink_w.dir/opt/pico-sdk/src/rp2_common/pico_cyw43_driver/cyw43_driver.c.obj
 .rodata.async_context_threadsafe_background_lock_check.str1.4
                0x00000000100420b8       0x20 CMakeFiles/blink_w.dir/opt/pico-sdk/src/rp2_common/pico_async_context/async_context_threadsafe_background.c.obj
 .rodata.template
                0x00000000100420d8       0x38 CMakeFiles/blink_w.dir/opt/pico-sdk/src/rp2_common/pico_async_context/async_context_threadsafe_background.c.obj
                0x0000000010042110                . = ALIGN (0x4)
 *(SORT_BY_ALIGNMENT(SORT_BY_NAME(.flashdata*)))
                0x0000000010042110                . = ALIGN (0x4)

.ARM.extab
 *(.ARM.extab* .gnu.linkonce.armextab.*)
                0x0000000010042110                __exidx_start = .

.ARM.exidx
 *(.ARM.exidx* .gnu.linkonce.armexidx.*)
                0x0000000010042110                __exidx_end = .
                0x0000000010042110                . = ALIGN (0x4)
                0x0000000010042110                __binary_info_start = .

.binary_info    0x0000000010042110       0x20
 *(.binary_info.keep.*)
 .binary_info.keep.__bi_ptr22
                0x0000000010042110        0x4 CMakeFiles/blink_w.dir/opt/pico-sdk/src/rp2_common/pico_standard_link/binary_info.c.obj
 .binary_info.keep.__bi_ptr30
                0x0000000010042114        0x4 CMakeFiles/blink_w.dir/opt/pico-sdk/src/rp2_common/pico_standard_link/binary_info.c.obj
 .binary_info.keep.__bi_ptr38
                0x0000000010042118        0x4 CMakeFiles/blink_w.dir/opt/pico-sdk/src/rp2_common/pico_standard_link/binary_info.c.obj
 .binary_info.keep.__bi_ptr44
                0x000000001004211c        0x4 CMakeFiles/blink_w.dir/opt/pico-sdk/src/rp2_common/pico_standard_link/binary_info.c.obj
 .binary_info.keep.__bi_ptr50
                0x0000000010042120        0x4 CMakeFiles/blink_w.dir/opt/pico-sdk/src/rp2_common/pico_standard_link/binary_info.c.obj
 .binary_info.keep.__bi_ptr75
                0x0000000010042124        0x4 CMakeFiles/blink_w.dir/opt/pico-sdk/src/rp2_common/pico_standard_link/binary_info.c.obj
 .binary_info.keep.__bi_ptr81
                0x0000000010042128        0x4 CMakeFiles/blink_w.dir/opt/pico-sdk/src/rp2_common/pico_standard_link/binary_info.c.obj
 *(.binary_info.*)
 .binary_info.__bi_ptr182
                0x000000001004212c        0x4 CMakeFiles/blink_w.dir/opt/pico-sdk/src/rp2_common/pico_stdio_usb/stdio_usb.c.obj
                0x0000000010042130                __binary_info_end = .

.rel.dyn        0x0000000010042130        0x0
 .rel.iplt      0x0000000010042130        0x0 /usr/lib/gcc/arm-none-eabi/10.3.1/thumb/v6-m/nofp/crtbegin.o
                0x0000000010042130                . = ALIGN (0x4)

.ram_vector_table
                0x0000000020000000       0xc0
 *(.ram_vector_table)
 .ram_vector_table
                0x0000000020000000       0xc0 CMakeFiles/blink_w.dir/opt/pico-sdk/src/rp2_common/pico_runtime/runtime.c.obj
                0x0000000020000000                ram_vector_table

.data           0x00000000200000c0     0x10c8 load address 0x0000000010042130
                0x00000000200000c0                __data_start__ = .
 *(vtable)
 *(.time_critical*)
 .time_critical.sem_acquire_block_until
                0x00000000200000c0       0x68 CMakeFiles/blink_w.dir/opt/pico-sdk/src/common/pico_sync/sem.c.obj
                0x00000000200000c0                sem_acquire_block_until
 .time_critical.sem_release
                0x0000000020000128       0x4c CMakeFiles/blink_w.dir/opt/pico-sdk/src/common/pico_sync/sem.c.obj
                0x0000000020000128                sem_release
 .time_critical.recursive_mutex_enter_blocking
                0x0000000020000174       0x54 CMakeFiles/blink_w.dir/opt/pico-sdk/src/common/pico_sync/mutex.c.obj
                0x0000000020000174                recursive_mutex_enter_blocking
 .time_critical.mutex_try_enter
                0x00000000200001c8       0x44 CMakeFiles/blink_w.dir/opt/pico-sdk/src/common/pico_sync/mutex.c.obj
                0x00000000200001c8                mutex_try_enter
 .time_critical.mutex_try_enter_block_until
                0x000000002000020c       0x9c CMakeFiles/blink_w.dir/opt/pico-sdk/src/common/pico_sync/mutex.c.obj
                0x000000002000020c                mutex_try_enter_block_until
 .time_critical.recursive_mutex_try_enter
                0x00000000200002a8       0x54 CMakeFiles/blink_w.dir/opt/pico-sdk/src/common/pico_sync/mutex.c.obj
                0x00000000200002a8                recursive_mutex_try_enter
 .time_critical.mutex_enter_timeout_ms
                0x00000000200002fc       0x90 CMakeFiles/blink_w.dir/opt/pico-sdk/src/common/pico_sync/mutex.c.obj
                0x00000000200002fc                mutex_enter_timeout_ms
 .time_critical.mutex_exit
                0x000000002000038c       0x28 CMakeFiles/blink_w.dir/opt/pico-sdk/src/common/pico_sync/mutex.c.obj
                0x000000002000038c                mutex_exit
 .time_critical.recursive_mutex_exit
                0x00000000200003b4       0x44 CMakeFiles/blink_w.dir/opt/pico-sdk/src/common/pico_sync/mutex.c.obj
                0x00000000200003b4                recursive_mutex_exit
 .time_critical.flash_init_boot2_copyout
                0x00000000200003f8       0x30 CMakeFiles/blink_w.dir/opt/pico-sdk/src/rp2_common/hardware_flash/flash.c.obj
 .time_critical.flash_enable_xip_via_boot2
                0x0000000020000428       0x10 CMakeFiles/blink_w.dir/opt/pico-sdk/src/rp2_common/hardware_flash/flash.c.obj
 .time_critical.flash_cs_force
                0x0000000020000438       0x38 CMakeFiles/blink_w.dir/opt/pico-sdk/src/rp2_common/hardware_flash/flash.c.obj
 .time_critical.flash_do_cmd
                0x0000000020000470       0xc4 CMakeFiles/blink_w.dir/opt/pico-sdk/src/rp2_common/hardware_flash/flash.c.obj
                0x0000000020000470                flash_do_cmd
 .time_critical.reset_non_control_endpoints
                0x0000000020000534       0xbc CMakeFiles/blink_w.dir/opt/pico-sdk/lib/tinyusb/src/portable/raspberrypi/rp2040/dcd_rp2040.c.obj
 .time_critical.hw_handle_buff_status
                0x00000000200005f0       0xa8 CMakeFiles/blink_w.dir/opt/pico-sdk/lib/tinyusb/src/portable/raspberrypi/rp2040/dcd_rp2040.c.obj
 .time_critical.dcd_rp2040_irq
                0x0000000020000698      0x4d8 CMakeFiles/blink_w.dir/opt/pico-sdk/lib/tinyusb/src/portable/raspberrypi/rp2040/dcd_rp2040.c.obj
 .time_critical.e15_is_bulkin_ep
                0x0000000020000b70       0x28 CMakeFiles/blink_w.dir/opt/pico-sdk/lib/tinyusb/src/portable/raspberrypi/rp2040/rp2040_usb.c.obj
 .time_critical.e15_is_critical_frame_period
                0x0000000020000b98       0x34 CMakeFiles/blink_w.dir/opt/pico-sdk/lib/tinyusb/src/portable/raspberrypi/rp2040/rp2040_usb.c.obj
 .time_critical.prepare_ep_buffer
                0x0000000020000bcc       0x70 CMakeFiles/blink_w.dir/opt/pico-sdk/lib/tinyusb/src/portable/raspberrypi/rp2040/rp2040_usb.c.obj
 .time_critical.sync_ep_buffer
                0x0000000020000c3c       0x4c CMakeFiles/blink_w.dir/opt/pico-sdk/lib/tinyusb/src/portable/raspberrypi/rp2040/rp2040_usb.c.obj
 .time_critical._hw_endpoint_xfer_sync
                0x0000000020000c88       0x28 CMakeFiles/blink_w.dir/opt/pico-sdk/lib/tinyusb/src/portable/raspberrypi/rp2040/rp2040_usb.c.obj
 .time_critical.hw_endpoint_reset_transfer
                0x0000000020000cb0        0xc CMakeFiles/blink_w.dir/opt/pico-sdk/lib/tinyusb/src/portable/raspberrypi/rp2040/rp2040_usb.c.obj
                0x0000000020000cb0                hw_endpoint_reset_transfer
 .time_critical._hw_endpoint_buffer_control_update32
                0x0000000020000cbc       0x58 CMakeFiles/blink_w.dir/opt/pico-sdk/lib/tinyusb/src/portable/raspberrypi/rp2040/rp2040_usb.c.obj
                0x0000000020000cbc                _hw_endpoint_buffer_control_update32
 .time_critical.hw_endpoint_start_next_buffer
                0x0000000020000d14       0x6c CMakeFiles/blink_w.dir/opt/pico-sdk/lib/tinyusb/src/portable/raspberrypi/rp2040/rp2040_usb.c.obj
                0x0000000020000d14                hw_endpoint_start_next_buffer
 .time_critical.hw_endpoint_xfer_continue
                0x0000000020000d80       0x50 CMakeFiles/blink_w.dir/opt/pico-sdk/lib/tinyusb/src/portable/raspberrypi/rp2040/rp2040_usb.c.obj
                0x0000000020000d80                hw_endpoint_xfer_continue
 .time_critical.tinyusb
                0x0000000020000dd0      0x170 CMakeFiles/blink_w.dir/opt/pico-sdk/lib/tinyusb/src/device/usbd.c.obj
                0x0000000020000dd0                dcd_event_handler
 *(.text*)
 .text          0x0000000020000f40        0x4 /usr/lib/gcc/arm-none-eabi/10.3.1/thumb/v6-m/nofp/libgcc.a(_dvmd_tls.o)
                0x0000000020000f40                __aeabi_ldiv0
                0x0000000020000f40                __aeabi_idiv0
 .text          0x0000000020000f44       0xac /usr/lib/gcc/arm-none-eabi/10.3.1/../../../arm-none-eabi/lib/thumb/v6-m/nofp/libc.a(lib_a-memmove.o)
                0x0000000020000f44                memmove
 .text.__stub   0x0000000020000ff0       0x70 linker stubs
                0x0000000020001060                . = ALIGN (0x4)
 *(.rodata*)
                0x0000000020001060                . = ALIGN (0x4)
 *(.data*)
 .data.striped_spin_lock_num
                0x0000000020001060        0x1 CMakeFiles/blink_w.dir/opt/pico-sdk/src/rp2_common/hardware_sync/sync.c.obj
 *fill*         0x0000000020001061        0x3 
 .data          0x0000000020001064       0x48 CMakeFiles/blink_w.dir/opt/pico-sdk/src/rp2_common/hardware_irq/irq_handler_chain.S.obj
                0x0000000020001064                irq_handler_chain_slots
                0x0000000020001094                irq_handler_chain_first_slot
                0x000000002000109e                irq_handler_chain_remove_tail
 .data.default_alarm_pool
                0x00000000200010ac       0x18 CMakeFiles/blink_w.dir/opt/pico-sdk/src/common/pico_time/time.c.obj
 .data.default_alarm_pool_heap
                0x00000000200010c4       0x10 CMakeFiles/blink_w.dir/opt/pico-sdk/src/common/pico_time/time.c.obj
 *fill*         0x00000000200010d4        0xc 
 .data.aeabi_bits_funcs
                0x00000000200010e0       0x10 CMakeFiles/blink_w.dir/opt/pico-sdk/src/rp2_common/pico_bit_ops/bit_ops_aeabi.S.obj
                0x00000000200010e0                aeabi_bits_funcs
                0x00000000200010f0                aeabi_bits_funcs_end
 .data.aeabi_mem_funcs
                0x00000000200010f0       0x10 CMakeFiles/blink_w.dir/opt/pico-sdk/src/rp2_common/pico_mem_ops/mem_ops_aeabi.S.obj
                0x00000000200010f0                aeabi_mem_funcs
                0x0000000020001100                aeabi_mem_funcs_end
 .data.stdio_usb
                0x0000000020001100       0x18 CMakeFiles/blink_w.dir/opt/pico-sdk/src/rp2_common/pico_stdio_usb/stdio_usb.c.obj
                0x0000000020001100                stdio_usb
 .data.ep_dir_string
                0x0000000020001118        0x8 CMakeFiles/blink_w.dir/opt/pico-sdk/lib/tinyusb/src/portable/raspberrypi/rp2040/rp2040_usb.c.obj
                0x0000000020001118                ep_dir_string
 .data._usbd_qdef
                0x0000000020001120       0x1c CMakeFiles/blink_w.dir/opt/pico-sdk/lib/tinyusb/src/device/usbd.c.obj
                0x0000000020001120                _usbd_qdef
 .data._usbd_rhport
                0x000000002000113c        0x1 CMakeFiles/blink_w.dir/opt/pico-sdk/lib/tinyusb/src/device/usbd.c.obj
 *fill*         0x000000002000113d        0x3 
 .data.cyw43_poll_worker
                0x0000000020001140       0x10 CMakeFiles/blink_w.dir/opt/pico-sdk/src/rp2_common/pico_cyw43_driver/cyw43_driver.c.obj
 .data.sleep_timeout_worker
                0x0000000020001150       0x18 CMakeFiles/blink_w.dir/opt/pico-sdk/src/rp2_common/pico_cyw43_driver/cyw43_driver.c.obj
                0x0000000020001168                . = ALIGN (0x4)
 *(.after_data.*)
                0x0000000020001168                . = ALIGN (0x4)
                0x0000000020001168                PROVIDE (__mutex_array_start = .)
 *(SORT_BY_NAME(.mutex_array.*))
 *(.mutex_array)
 .mutex_array   0x0000000020001168        0x8 CMakeFiles/blink_w.dir/opt/pico-sdk/src/rp2_common/pico_stdio/stdio.c.obj
                0x0000000020001170                PROVIDE (__mutex_array_end = .)
                0x0000000020001170                . = ALIGN (0x4)
                0x0000000020001170                PROVIDE (__preinit_array_start = .)
 *(SORT_BY_NAME(.preinit_array.*))
 .preinit_array.00001
                0x0000000020001170        0x4 CMakeFiles/blink_w.dir/opt/pico-sdk/src/rp2_common/pico_mem_ops/mem_ops_aeabi.S.obj
 .preinit_array.00010
                0x0000000020001174        0x4 CMakeFiles/blink_w.dir/opt/pico-sdk/src/rp2_common/pico_bit_ops/bit_ops_aeabi.S.obj
 .preinit_array.00020
                0x0000000020001178        0x4 CMakeFiles/blink_w.dir/opt/pico-sdk/src/rp2_common/pico_double/double_aeabi.S.obj
 .preinit_array.00020
                0x000000002000117c        0x4 CMakeFiles/blink_w.dir/opt/pico-sdk/src/rp2_common/pico_float/float_aeabi.S.obj
 *(.preinit_array)
                0x0000000020001180                PROVIDE (__preinit_array_end = .)
                0x0000000020001180                . = ALIGN (0x4)
                0x0000000020001180                PROVIDE (__init_array_start = .)
 *(SORT_BY_NAME(.init_array.*))
 *(.init_array)
 .init_array    0x0000000020001180        0x4 /usr/lib/gcc/arm-none-eabi/10.3.1/thumb/v6-m/nofp/crtbegin.o
 .init_array    0x0000000020001184        0x4 CMakeFiles/blink_w.dir/opt/pico-sdk/src/rp2_common/pico_unique_id/unique_id.c.obj
                0x0000000020001188                PROVIDE (__init_array_end = .)
                0x0000000020001188                . = ALIGN (0x4)
                0x0000000020001188                PROVIDE (__fini_array_start = .)
 *(SORT_BY_NAME(.fini_array.*))
 *(.fini_array)
                0x0000000020001188                PROVIDE (__fini_array_end = .)
 *(.jcr)
                0x0000000020001188                . = ALIGN (0x4)
                0x0000000020001188                __data_end__ = .
                0x0000000010042130                __etext = LOADADDR (.data)

.tm_clone_table
                0x0000000020001188        0x0 load address 0x00000000100431f8
 .tm_clone_table
                0x0000000020001188        0x0 /usr/lib/gcc/arm-none-eabi/10.3.1/thumb/v6-m/nofp/crtbegin.o
 .tm_clone_table
                0x0000000020001188        0x0 /usr/lib/gcc/arm-none-eabi/10.3.1/thumb/v6-m/nofp/crtend.o

.igot.plt       0x0000000020001188        0x0 load address 0x00000000100431f8
 .igot.plt      0x0000000020001188        0x0 /usr/lib/gcc/arm-none-eabi/10.3.1/thumb/v6-m/nofp/crtbegin.o

.uninitialized_data
                0x0000000020001188        0x0 load address 0x00000000100431f8
                0x0000000020001188                . = ALIGN (0x4)
 *(.uninitialized_data*)

.scratch_x      0x0000000020040000        0x0 load address 0x00000000100431f8
                0x0000000020040000                __scratch_x_start__ = .
 *(.scratch_x.*)
                0x0000000020040000                . = ALIGN (0x4)
                0x0000000020040000                __scratch_x_end__ = .
                0x00000000100431f8                __scratch_x_source__ = LOADADDR (.scratch_x)

.scratch_y      0x0000000020041000        0x0 load address 0x00000000100431f8
                0x0000000020041000                __scratch_y_start__ = .
 *(.scratch_y.*)